
> black-owned-frontend@0.1.0 test
> jest src/app/analytics/page.spec.tsx

jest-haste-map: duplicate manual mock found: next-server
  The following files share their name; please delete one of them:
    * <rootDir>\__mocks__\next-server.ts
    * <rootDir>\.worktrees\LOC-0055-AC1\__mocks__\next-server.ts

jest-haste-map: duplicate manual mock found: next-server
  The following files share their name; please delete one of them:
    * <rootDir>\.worktrees\LOC-0055-AC1\__mocks__\next-server.ts
    * <rootDir>\.worktrees\LOC-0055-AC2\__mocks__\next-server.ts

jest-haste-map: duplicate manual mock found: next-server
  The following files share their name; please delete one of them:
    * <rootDir>\.worktrees\LOC-0055-AC2\__mocks__\next-server.ts
    * <rootDir>\.worktrees\LOC-0055-AC3\__mocks__\next-server.ts

jest-haste-map: duplicate manual mock found: next-server
  The following files share their name; please delete one of them:
    * <rootDir>\.worktrees\LOC-0055-AC3\__mocks__\next-server.ts
    * <rootDir>\.worktrees\LOC-0055-AC4\__mocks__\next-server.ts

jest-haste-map: duplicate manual mock found: next-server
  The following files share their name; please delete one of them:
    * <rootDir>\.worktrees\LOC-0055-AC4\__mocks__\next-server.ts
    * <rootDir>\.worktrees\LOC-0056-AC1\__mocks__\next-server.ts

jest-haste-map: duplicate manual mock found: next-server
  The following files share their name; please delete one of them:
    * <rootDir>\.worktrees\LOC-0056-AC1\__mocks__\next-server.ts
    * <rootDir>\.worktrees\LOC-0056-AC2\__mocks__\next-server.ts

jest-haste-map: duplicate manual mock found: next-server
  The following files share their name; please delete one of them:
    * <rootDir>\.worktrees\LOC-0056-AC2\__mocks__\next-server.ts
    * <rootDir>\.worktrees\LOC-0056-AC3\__mocks__\next-server.ts

jest-haste-map: duplicate manual mock found: next-server
  The following files share their name; please delete one of them:
    * <rootDir>\.worktrees\LOC-0056-AC3\__mocks__\next-server.ts
    * <rootDir>\.worktrees\LOC-0057-AC1\__mocks__\next-server.ts

jest-haste-map: duplicate manual mock found: next-server
  The following files share their name; please delete one of them:
    * <rootDir>\.worktrees\LOC-0057-AC1\__mocks__\next-server.ts
    * <rootDir>\.worktrees\LOC-0059-AC2\__mocks__\next-server.ts

jest-haste-map: duplicate manual mock found: next-server
  The following files share their name; please delete one of them:
    * <rootDir>\.worktrees\LOC-0059-AC2\__mocks__\next-server.ts
    * <rootDir>\.worktrees\LOC-0058-AC1\__mocks__\next-server.ts

jest-haste-map: duplicate manual mock found: next-server
  The following files share their name; please delete one of them:
    * <rootDir>\.worktrees\LOC-0058-AC1\__mocks__\next-server.ts
    * <rootDir>\.worktrees\LOC-0059-AC1\__mocks__\next-server.ts

jest-haste-map: duplicate manual mock found: next-server
  The following files share their name; please delete one of them:
    * <rootDir>\.worktrees\LOC-0059-AC1\__mocks__\next-server.ts
    * <rootDir>\.worktrees\LOC-0059-AC3\__mocks__\next-server.ts

jest-haste-map: duplicate manual mock found: next-server
  The following files share their name; please delete one of them:
    * <rootDir>\.worktrees\LOC-0059-AC3\__mocks__\next-server.ts
    * <rootDir>\.worktrees\LOC-0059-AC4\__mocks__\next-server.ts

jest-haste-map: duplicate manual mock found: next-server
  The following files share their name; please delete one of them:
    * <rootDir>\.worktrees\LOC-0059-AC4\__mocks__\next-server.ts
    * <rootDir>\.worktrees\LOC-0059-AC5\__mocks__\next-server.ts

jest-haste-map: duplicate manual mock found: next-server
  The following files share their name; please delete one of them:
    * <rootDir>\.worktrees\LOC-0059-AC5\__mocks__\next-server.ts
    * <rootDir>\.worktrees\LOC-0060-AC2\__mocks__\next-server.ts

jest-haste-map: duplicate manual mock found: next-server
  The following files share their name; please delete one of them:
    * <rootDir>\.worktrees\LOC-0060-AC2\__mocks__\next-server.ts
    * <rootDir>\.worktrees\LOC-0060-AC1\__mocks__\next-server.ts

jest-haste-map: duplicate manual mock found: next-server
  The following files share their name; please delete one of them:
    * <rootDir>\.worktrees\LOC-0060-AC1\__mocks__\next-server.ts
    * <rootDir>\.worktrees\LOC-0060-AC3\__mocks__\next-server.ts

jest-haste-map: duplicate manual mock found: next-server
  The following files share their name; please delete one of them:
    * <rootDir>\.worktrees\LOC-0060-AC3\__mocks__\next-server.ts
    * <rootDir>\.worktrees\LOC-0060-AC4\__mocks__\next-server.ts

jest-haste-map: duplicate manual mock found: next-server
  The following files share their name; please delete one of them:
    * <rootDir>\.worktrees\LOC-0060-AC4\__mocks__\next-server.ts
    * <rootDir>\.worktrees\LOC-0060-AC5\__mocks__\next-server.ts

jest-haste-map: duplicate manual mock found: next-server
  The following files share their name; please delete one of them:
    * <rootDir>\.worktrees\LOC-0060-AC5\__mocks__\next-server.ts
    * <rootDir>\.worktrees\LOC-0061-AC1\__mocks__\next-server.ts

jest-haste-map: duplicate manual mock found: next-server
  The following files share their name; please delete one of them:
    * <rootDir>\.worktrees\LOC-0061-AC1\__mocks__\next-server.ts
    * <rootDir>\.worktrees\LOC-0062-AC1\__mocks__\next-server.ts

jest-haste-map: duplicate manual mock found: next-server
  The following files share their name; please delete one of them:
    * <rootDir>\.worktrees\LOC-0062-AC1\__mocks__\next-server.ts
    * <rootDir>\.worktrees\LOC-0062-AC2\__mocks__\next-server.ts

jest-haste-map: duplicate manual mock found: next-server
  The following files share their name; please delete one of them:
    * <rootDir>\.worktrees\LOC-0062-AC2\__mocks__\next-server.ts
    * <rootDir>\.worktrees\LOC-0062-AC1-redo\__mocks__\next-server.ts

jest-haste-map: duplicate manual mock found: next-server
  The following files share their name; please delete one of them:
    * <rootDir>\.worktrees\LOC-0062-AC1-redo\__mocks__\next-server.ts
    * <rootDir>\.worktrees\LOC-0062-AC2-redo\__mocks__\next-server.ts

jest-haste-map: duplicate manual mock found: next-server
  The following files share their name; please delete one of them:
    * <rootDir>\.worktrees\LOC-0062-AC2-redo\__mocks__\next-server.ts
    * <rootDir>\.worktrees\LOC-0062-AC3\__mocks__\next-server.ts

jest-haste-map: duplicate manual mock found: next-server
  The following files share their name; please delete one of them:
    * <rootDir>\.worktrees\LOC-0062-AC3\__mocks__\next-server.ts
    * <rootDir>\.worktrees\LOC-0062-AC3-redo\__mocks__\next-server.ts

jest-haste-map: duplicate manual mock found: next-server
  The following files share their name; please delete one of them:
    * <rootDir>\.worktrees\LOC-0062-AC3-redo\__mocks__\next-server.ts
    * <rootDir>\.worktrees\LOC-0062-AC4\__mocks__\next-server.ts

jest-haste-map: duplicate manual mock found: next-server
  The following files share their name; please delete one of them:
    * <rootDir>\.worktrees\LOC-0062-AC4\__mocks__\next-server.ts
    * <rootDir>\.worktrees\LOC-0062-AC5\__mocks__\next-server.ts

jest-haste-map: duplicate manual mock found: next-server
  The following files share their name; please delete one of them:
    * <rootDir>\.worktrees\LOC-0062-AC5\__mocks__\next-server.ts
    * <rootDir>\.worktrees\LOC-0062-AC4-redo\__mocks__\next-server.ts

jest-haste-map: duplicate manual mock found: next-server
  The following files share their name; please delete one of them:
    * <rootDir>\.worktrees\LOC-0062-AC4-redo\__mocks__\next-server.ts
    * <rootDir>\.worktrees\LOC-0062-AC5-redo\__mocks__\next-server.ts

jest-haste-map: duplicate manual mock found: next-server
  The following files share their name; please delete one of them:
    * <rootDir>\.worktrees\LOC-0062-AC5-redo\__mocks__\next-server.ts
    * <rootDir>\.worktrees\LOC-0063-AC1\__mocks__\next-server.ts

jest-haste-map: duplicate manual mock found: next-server
  The following files share their name; please delete one of them:
    * <rootDir>\.worktrees\LOC-0063-AC1\__mocks__\next-server.ts
    * <rootDir>\.worktrees\LOC-0063-AC2\__mocks__\next-server.ts

jest-haste-map: duplicate manual mock found: next-server
  The following files share their name; please delete one of them:
    * <rootDir>\.worktrees\LOC-0063-AC2\__mocks__\next-server.ts
    * <rootDir>\.worktrees\LOC-0063-AC3\__mocks__\next-server.ts

jest-haste-map: duplicate manual mock found: next-server
  The following files share their name; please delete one of them:
    * <rootDir>\.worktrees\LOC-0063-AC3\__mocks__\next-server.ts
    * <rootDir>\.worktrees\LOC-0063-AC5\__mocks__\next-server.ts

jest-haste-map: duplicate manual mock found: next-server
  The following files share their name; please delete one of them:
    * <rootDir>\.worktrees\LOC-0063-AC5\__mocks__\next-server.ts
    * <rootDir>\.worktrees\LOC-0064-AC1\__mocks__\next-server.ts

jest-haste-map: duplicate manual mock found: next-server
  The following files share their name; please delete one of them:
    * <rootDir>\.worktrees\LOC-0064-AC1\__mocks__\next-server.ts
    * <rootDir>\.worktrees\LOC-0064-AC2\__mocks__\next-server.ts

jest-haste-map: duplicate manual mock found: next-server
  The following files share their name; please delete one of them:
    * <rootDir>\.worktrees\LOC-0064-AC2\__mocks__\next-server.ts
    * <rootDir>\.worktrees\LOC-0064-AC3\__mocks__\next-server.ts

jest-haste-map: duplicate manual mock found: next-server
  The following files share their name; please delete one of them:
    * <rootDir>\.worktrees\LOC-0064-AC3\__mocks__\next-server.ts
    * <rootDir>\.worktrees\LOC-0064-AC4\__mocks__\next-server.ts

jest-haste-map: duplicate manual mock found: next-server
  The following files share their name; please delete one of them:
    * <rootDir>\.worktrees\LOC-0064-AC4\__mocks__\next-server.ts
    * <rootDir>\.worktrees\LOC-0065-AC1\__mocks__\next-server.ts

jest-haste-map: duplicate manual mock found: next-server
  The following files share their name; please delete one of them:
    * <rootDir>\.worktrees\LOC-0065-AC1\__mocks__\next-server.ts
    * <rootDir>\.worktrees\LOC-0066-AC1\__mocks__\next-server.ts

jest-haste-map: duplicate manual mock found: next-server
  The following files share their name; please delete one of them:
    * <rootDir>\.worktrees\LOC-0066-AC1\__mocks__\next-server.ts
    * <rootDir>\.worktrees\LOC-0067-AC1\__mocks__\next-server.ts

jest-haste-map: duplicate manual mock found: next-server
  The following files share their name; please delete one of them:
    * <rootDir>\.worktrees\LOC-0067-AC1\__mocks__\next-server.ts
    * <rootDir>\.worktrees\LOC-0067-AC2\__mocks__\next-server.ts

jest-haste-map: duplicate manual mock found: next-server
  The following files share their name; please delete one of them:
    * <rootDir>\.worktrees\LOC-0067-AC2\__mocks__\next-server.ts
    * <rootDir>\.worktrees\LOC-0067-AC3\__mocks__\next-server.ts

jest-haste-map: duplicate manual mock found: next-server
  The following files share their name; please delete one of them:
    * <rootDir>\.worktrees\LOC-0067-AC3\__mocks__\next-server.ts
    * <rootDir>\.worktrees\LOC-0067-AC5\__mocks__\next-server.ts

jest-haste-map: duplicate manual mock found: next-server
  The following files share their name; please delete one of them:
    * <rootDir>\.worktrees\LOC-0067-AC5\__mocks__\next-server.ts
    * <rootDir>\.worktrees\LOC-0069-AC2\__mocks__\next-server.ts

jest-haste-map: duplicate manual mock found: next-server
  The following files share their name; please delete one of them:
    * <rootDir>\.worktrees\LOC-0069-AC2\__mocks__\next-server.ts
    * <rootDir>\.worktrees\LOC-0069-AC1\__mocks__\next-server.ts

jest-haste-map: duplicate manual mock found: next-server
  The following files share their name; please delete one of them:
    * <rootDir>\.worktrees\LOC-0069-AC1\__mocks__\next-server.ts
    * <rootDir>\.worktrees\LOC-0070-AC1\__mocks__\next-server.ts

jest-haste-map: duplicate manual mock found: next-server
  The following files share their name; please delete one of them:
    * <rootDir>\.worktrees\LOC-0070-AC1\__mocks__\next-server.ts
    * <rootDir>\.worktrees\LOC-0071-AC2\__mocks__\next-server.ts

jest-haste-map: duplicate manual mock found: next-server
  The following files share their name; please delete one of them:
    * <rootDir>\.worktrees\LOC-0071-AC2\__mocks__\next-server.ts
    * <rootDir>\.worktrees\LOC-0071-AC3\__mocks__\next-server.ts

jest-haste-map: duplicate manual mock found: next-server
  The following files share their name; please delete one of them:
    * <rootDir>\.worktrees\LOC-0071-AC3\__mocks__\next-server.ts
    * <rootDir>\.worktrees\LOC-0071-AC1\__mocks__\next-server.ts

jest-haste-map: duplicate manual mock found: next-server
  The following files share their name; please delete one of them:
    * <rootDir>\.worktrees\LOC-0071-AC1\__mocks__\next-server.ts
    * <rootDir>\.worktrees\LOC-0072-AC1\__mocks__\next-server.ts

jest-haste-map: duplicate manual mock found: next-server
  The following files share their name; please delete one of them:
    * <rootDir>\.worktrees\LOC-0072-AC1\__mocks__\next-server.ts
    * <rootDir>\.worktrees\LOC-0073-AC1\__mocks__\next-server.ts

jest-haste-map: duplicate manual mock found: next-server
  The following files share their name; please delete one of them:
    * <rootDir>\.worktrees\LOC-0073-AC1\__mocks__\next-server.ts
    * <rootDir>\.worktrees\LOC-0074-AC1\__mocks__\next-server.ts

  console.error
    Failed to fetch recent jobs: TypeError: Cannot read properties of undefined (reading 'ok')
        at fetchRecentJobs (C:\Users\Merlin\Documents\repos\Black_Owned\.worktrees\LOC-0064-AC4\src\app\analytics\page.tsx:50:21)
        at processTicksAndRejections (node:internal/process/task_queues:104:5)

    [0m [90m 52 |[39m       setRecentJobs(data)[33m;[39m
     [90m 53 |[39m     } [36mcatch[39m (err) {
    [31m[1m>[22m[39m[90m 54 |[39m       console[33m.[39merror([32m'Failed to fetch recent jobs:'[39m[33m,[39m err)[33m;[39m
     [90m    |[39m               [31m[1m^[22m[39m
     [90m 55 |[39m     }
     [90m 56 |[39m   }[33m;[39m
     [90m 57 |[39m[0m

      at fetchRecentJobs (.worktrees/LOC-0064-AC4/src/app/analytics/page.tsx:54:15)

  console.error
    Failed to fetch recent jobs: TypeError: Cannot read properties of undefined (reading 'ok')
        at fetchRecentJobs (C:\Users\Merlin\Documents\repos\Black_Owned\.worktrees\LOC-0069-AC1\src\app\analytics\page.tsx:50:21)
        at processTicksAndRejections (node:internal/process/task_queues:104:5)

    [0m [90m 52 |[39m       setRecentJobs(data)[33m;[39m
     [90m 53 |[39m     } [36mcatch[39m (err) {
    [31m[1m>[22m[39m[90m 54 |[39m       console[33m.[39merror([32m'Failed to fetch recent jobs:'[39m[33m,[39m err)[33m;[39m
     [90m    |[39m               [31m[1m^[22m[39m
     [90m 55 |[39m     }
     [90m 56 |[39m   }[33m;[39m
     [90m 57 |[39m[0m

      at fetchRecentJobs (.worktrees/LOC-0069-AC1/src/app/analytics/page.tsx:54:15)

  console.error
    Failed to fetch recent jobs: TypeError: Cannot read properties of undefined (reading 'ok')
        at fetchRecentJobs (C:\Users\Merlin\Documents\repos\Black_Owned\.worktrees\LOC-0069-AC2\src\app\analytics\page.tsx:50:21)
        at processTicksAndRejections (node:internal/process/task_queues:104:5)

    [0m [90m 52 |[39m       setRecentJobs(data)[33m;[39m
     [90m 53 |[39m     } [36mcatch[39m (err) {
    [31m[1m>[22m[39m[90m 54 |[39m       console[33m.[39merror([32m'Failed to fetch recent jobs:'[39m[33m,[39m err)[33m;[39m
     [90m    |[39m               [31m[1m^[22m[39m
     [90m 55 |[39m     }
     [90m 56 |[39m   }[33m;[39m
     [90m 57 |[39m[0m

      at fetchRecentJobs (.worktrees/LOC-0069-AC2/src/app/analytics/page.tsx:54:15)

  console.error
    Failed to fetch recent jobs: TypeError: Cannot read properties of undefined (reading 'ok')
        at fetchRecentJobs (C:\Users\Merlin\Documents\repos\Black_Owned\.worktrees\LOC-0063-AC3\src\app\analytics\page.tsx:50:21)
        at processTicksAndRejections (node:internal/process/task_queues:104:5)

    [0m [90m 52 |[39m       setRecentJobs(data)[33m;[39m
     [90m 53 |[39m     } [36mcatch[39m (err) {
    [31m[1m>[22m[39m[90m 54 |[39m       console[33m.[39merror([32m'Failed to fetch recent jobs:'[39m[33m,[39m err)[33m;[39m
     [90m    |[39m               [31m[1m^[22m[39m
     [90m 55 |[39m     }
     [90m 56 |[39m   }[33m;[39m
     [90m 57 |[39m[0m

      at fetchRecentJobs (.worktrees/LOC-0063-AC3/src/app/analytics/page.tsx:54:15)

  console.error
    An update to AnalyticsPage inside a test was not wrapped in act(...).
    
    When testing, code that causes React state updates should be wrapped into act(...):
    
    act(() => {
      /* fire events that update state */
    });
    /* assert on the output */
    
    This ensures that you're testing the behavior the user would see in the browser. Learn more at https://react.dev/link/wrap-tests-with-act

    [0m [90m 37 |[39m       [36mif[39m ([33m![39mresponse[33m.[39mok) [36mthrow[39m [36mnew[39m [33mError[39m([32m'Failed to fetch stats'[39m)[33m;[39m
     [90m 38 |[39m       [36mconst[39m data [33m=[39m [36mawait[39m response[33m.[39mjson()[33m;[39m
    [31m[1m>[22m[39m[90m 39 |[39m       setStats(data)[33m;[39m
     [90m    |[39m       [31m[1m^[22m[39m
     [90m 40 |[39m     } [36mcatch[39m (err) {
     [90m 41 |[39m       setError(err [36minstanceof[39m [33mError[39m [33m?[39m err[33m.[39mmessage [33m:[39m [32m'Unknown error'[39m)[33m;[39m
     [90m 42 |[39m     } [36mfinally[39m {[0m

      at node_modules/react-dom/cjs/react-dom-client.development.js:15751:19
      at runWithFiberInDEV (node_modules/react-dom/cjs/react-dom-client.development.js:543:16)
      at warnIfUpdatesNotWrappedWithActDEV (node_modules/react-dom/cjs/react-dom-client.development.js:15750:9)
      at scheduleUpdateOnFiber (node_modules/react-dom/cjs/react-dom-client.development.js:14311:11)
      at dispatchSetStateInternal (node_modules/react-dom/cjs/react-dom-client.development.js:7208:13)
      at dispatchSetState (node_modules/react-dom/cjs/react-dom-client.development.js:7161:7)
      at fetchStats (.worktrees/LOC-0064-AC4/src/app/analytics/page.tsx:39:7)

  console.error
    Failed to fetch recent jobs: TypeError: Cannot read properties of undefined (reading 'ok')
        at fetchRecentJobs (C:\Users\Merlin\Documents\repos\Black_Owned\src\app\analytics\page.tsx:53:21)
        at processTicksAndRejections (node:internal/process/task_queues:104:5)

    [0m [90m 55 |[39m       setRecentJobs(data)[33m;[39m
     [90m 56 |[39m     } [36mcatch[39m (err) {
    [31m[1m>[22m[39m[90m 57 |[39m       console[33m.[39merror([32m'Failed to fetch recent jobs:'[39m[33m,[39m err)[33m;[39m
     [90m    |[39m               [31m[1m^[22m[39m
     [90m 58 |[39m     }
     [90m 59 |[39m   }[33m;[39m
     [90m 60 |[39m[0m

      at fetchRecentJobs (src/app/analytics/page.tsx:57:15)

  console.error
    An update to AnalyticsPage inside a test was not wrapped in act(...).
    
    When testing, code that causes React state updates should be wrapped into act(...):
    
    act(() => {
      /* fire events that update state */
    });
    /* assert on the output */
    
    This ensures that you're testing the behavior the user would see in the browser. Learn more at https://react.dev/link/wrap-tests-with-act

    [0m [90m 41 |[39m       setError(err [36minstanceof[39m [33mError[39m [33m?[39m err[33m.[39mmessage [33m:[39m [32m'Unknown error'[39m)[33m;[39m
     [90m 42 |[39m     } [36mfinally[39m {
    [31m[1m>[22m[39m[90m 43 |[39m       setLoading([36mfalse[39m)[33m;[39m
     [90m    |[39m       [31m[1m^[22m[39m
     [90m 44 |[39m     }
     [90m 45 |[39m   }[33m;[39m
     [90m 46 |[39m[0m

      at node_modules/react-dom/cjs/react-dom-client.development.js:15751:19
      at runWithFiberInDEV (node_modules/react-dom/cjs/react-dom-client.development.js:543:16)
      at warnIfUpdatesNotWrappedWithActDEV (node_modules/react-dom/cjs/react-dom-client.development.js:15750:9)
      at scheduleUpdateOnFiber (node_modules/react-dom/cjs/react-dom-client.development.js:14311:11)
      at dispatchSetStateInternal (node_modules/react-dom/cjs/react-dom-client.development.js:7208:13)
      at dispatchSetState (node_modules/react-dom/cjs/react-dom-client.development.js:7161:7)
      at fetchStats (.worktrees/LOC-0064-AC4/src/app/analytics/page.tsx:43:7)

  console.error
    Failed to fetch recent jobs: TypeError: Cannot read properties of undefined (reading 'ok')
        at fetchRecentJobs (C:\Users\Merlin\Documents\repos\Black_Owned\.worktrees\LOC-0063-AC2\src\app\analytics\page.tsx:50:21)
        at processTicksAndRejections (node:internal/process/task_queues:104:5)

    [0m [90m 52 |[39m       setRecentJobs(data)[33m;[39m
     [90m 53 |[39m     } [36mcatch[39m (err) {
    [31m[1m>[22m[39m[90m 54 |[39m       console[33m.[39merror([32m'Failed to fetch recent jobs:'[39m[33m,[39m err)[33m;[39m
     [90m    |[39m               [31m[1m^[22m[39m
     [90m 55 |[39m     }
     [90m 56 |[39m   }[33m;[39m
     [90m 57 |[39m[0m

      at fetchRecentJobs (.worktrees/LOC-0063-AC2/src/app/analytics/page.tsx:54:15)

  console.error
    Failed to fetch recent jobs: TypeError: Cannot read properties of undefined (reading 'ok')
        at fetchRecentJobs (C:\Users\Merlin\Documents\repos\Black_Owned\.worktrees\LOC-0067-AC5\src\app\analytics\page.tsx:50:21)
        at processTicksAndRejections (node:internal/process/task_queues:104:5)

    [0m [90m 52 |[39m       setRecentJobs(data)[33m;[39m
     [90m 53 |[39m     } [36mcatch[39m (err) {
    [31m[1m>[22m[39m[90m 54 |[39m       console[33m.[39merror([32m'Failed to fetch recent jobs:'[39m[33m,[39m err)[33m;[39m
     [90m    |[39m               [31m[1m^[22m[39m
     [90m 55 |[39m     }
     [90m 56 |[39m   }[33m;[39m
     [90m 57 |[39m[0m

      at fetchRecentJobs (.worktrees/LOC-0067-AC5/src/app/analytics/page.tsx:54:15)

  console.error
    An update to AnalyticsPage inside a test was not wrapped in act(...).
    
    When testing, code that causes React state updates should be wrapped into act(...):
    
    act(() => {
      /* fire events that update state */
    });
    /* assert on the output */
    
    This ensures that you're testing the behavior the user would see in the browser. Learn more at https://react.dev/link/wrap-tests-with-act

    [0m [90m 37 |[39m       [36mif[39m ([33m![39mresponse[33m.[39mok) [36mthrow[39m [36mnew[39m [33mError[39m([32m'Failed to fetch stats'[39m)[33m;[39m
     [90m 38 |[39m       [36mconst[39m data [33m=[39m [36mawait[39m response[33m.[39mjson()[33m;[39m
    [31m[1m>[22m[39m[90m 39 |[39m       setStats(data)[33m;[39m
     [90m    |[39m       [31m[1m^[22m[39m
     [90m 40 |[39m     } [36mcatch[39m (err) {
     [90m 41 |[39m       setError(err [36minstanceof[39m [33mError[39m [33m?[39m err[33m.[39mmessage [33m:[39m [32m'Unknown error'[39m)[33m;[39m
     [90m 42 |[39m     } [36mfinally[39m {[0m

      at node_modules/react-dom/cjs/react-dom-client.development.js:15751:19
      at runWithFiberInDEV (node_modules/react-dom/cjs/react-dom-client.development.js:543:16)
      at warnIfUpdatesNotWrappedWithActDEV (node_modules/react-dom/cjs/react-dom-client.development.js:15750:9)
      at scheduleUpdateOnFiber (node_modules/react-dom/cjs/react-dom-client.development.js:14311:11)
      at dispatchSetStateInternal (node_modules/react-dom/cjs/react-dom-client.development.js:7208:13)
      at dispatchSetState (node_modules/react-dom/cjs/react-dom-client.development.js:7161:7)
      at fetchStats (.worktrees/LOC-0069-AC1/src/app/analytics/page.tsx:39:7)

  console.error
    An update to AnalyticsPage inside a test was not wrapped in act(...).
    
    When testing, code that causes React state updates should be wrapped into act(...):
    
    act(() => {
      /* fire events that update state */
    });
    /* assert on the output */
    
    This ensures that you're testing the behavior the user would see in the browser. Learn more at https://react.dev/link/wrap-tests-with-act

    [0m [90m 37 |[39m       [36mif[39m ([33m![39mresponse[33m.[39mok) [36mthrow[39m [36mnew[39m [33mError[39m([32m'Failed to fetch stats'[39m)[33m;[39m
     [90m 38 |[39m       [36mconst[39m data [33m=[39m [36mawait[39m response[33m.[39mjson()[33m;[39m
    [31m[1m>[22m[39m[90m 39 |[39m       setStats(data)[33m;[39m
     [90m    |[39m       [31m[1m^[22m[39m
     [90m 40 |[39m     } [36mcatch[39m (err) {
     [90m 41 |[39m       setError(err [36minstanceof[39m [33mError[39m [33m?[39m err[33m.[39mmessage [33m:[39m [32m'Unknown error'[39m)[33m;[39m
     [90m 42 |[39m     } [36mfinally[39m {[0m

      at node_modules/react-dom/cjs/react-dom-client.development.js:15751:19
      at runWithFiberInDEV (node_modules/react-dom/cjs/react-dom-client.development.js:543:16)
      at warnIfUpdatesNotWrappedWithActDEV (node_modules/react-dom/cjs/react-dom-client.development.js:15750:9)
      at scheduleUpdateOnFiber (node_modules/react-dom/cjs/react-dom-client.development.js:14311:11)
      at dispatchSetStateInternal (node_modules/react-dom/cjs/react-dom-client.development.js:7208:13)
      at dispatchSetState (node_modules/react-dom/cjs/react-dom-client.development.js:7161:7)
      at fetchStats (.worktrees/LOC-0069-AC2/src/app/analytics/page.tsx:39:7)

  console.error
    An update to AnalyticsPage inside a test was not wrapped in act(...).
    
    When testing, code that causes React state updates should be wrapped into act(...):
    
    act(() => {
      /* fire events that update state */
    });
    /* assert on the output */
    
    This ensures that you're testing the behavior the user would see in the browser. Learn more at https://react.dev/link/wrap-tests-with-act

    [0m [90m 37 |[39m       [36mif[39m ([33m![39mresponse[33m.[39mok) [36mthrow[39m [36mnew[39m [33mError[39m([32m'Failed to fetch stats'[39m)[33m;[39m
     [90m 38 |[39m       [36mconst[39m data [33m=[39m [36mawait[39m response[33m.[39mjson()[33m;[39m
    [31m[1m>[22m[39m[90m 39 |[39m       setStats(data)[33m;[39m
     [90m    |[39m       [31m[1m^[22m[39m
     [90m 40 |[39m     } [36mcatch[39m (err) {
     [90m 41 |[39m       setError(err [36minstanceof[39m [33mError[39m [33m?[39m err[33m.[39mmessage [33m:[39m [32m'Unknown error'[39m)[33m;[39m
     [90m 42 |[39m     } [36mfinally[39m {[0m

      at node_modules/react-dom/cjs/react-dom-client.development.js:15751:19
      at runWithFiberInDEV (node_modules/react-dom/cjs/react-dom-client.development.js:543:16)
      at warnIfUpdatesNotWrappedWithActDEV (node_modules/react-dom/cjs/react-dom-client.development.js:15750:9)
      at scheduleUpdateOnFiber (node_modules/react-dom/cjs/react-dom-client.development.js:14311:11)
      at dispatchSetStateInternal (node_modules/react-dom/cjs/react-dom-client.development.js:7208:13)
      at dispatchSetState (node_modules/react-dom/cjs/react-dom-client.development.js:7161:7)
      at fetchStats (.worktrees/LOC-0063-AC3/src/app/analytics/page.tsx:39:7)

  console.error
    Failed to fetch recent jobs: TypeError: Cannot read properties of undefined (reading 'ok')
        at fetchRecentJobs (C:\Users\Merlin\Documents\repos\Black_Owned\.worktrees\LOC-0067-AC3\src\app\analytics\page.tsx:50:21)
        at processTicksAndRejections (node:internal/process/task_queues:104:5)

    [0m [90m 52 |[39m       setRecentJobs(data)[33m;[39m
     [90m 53 |[39m     } [36mcatch[39m (err) {
    [31m[1m>[22m[39m[90m 54 |[39m       console[33m.[39merror([32m'Failed to fetch recent jobs:'[39m[33m,[39m err)[33m;[39m
     [90m    |[39m               [31m[1m^[22m[39m
     [90m 55 |[39m     }
     [90m 56 |[39m   }[33m;[39m
     [90m 57 |[39m[0m

      at fetchRecentJobs (.worktrees/LOC-0067-AC3/src/app/analytics/page.tsx:54:15)

  console.error
    An update to AnalyticsPage inside a test was not wrapped in act(...).
    
    When testing, code that causes React state updates should be wrapped into act(...):
    
    act(() => {
      /* fire events that update state */
    });
    /* assert on the output */
    
    This ensures that you're testing the behavior the user would see in the browser. Learn more at https://react.dev/link/wrap-tests-with-act

    [0m [90m 41 |[39m       setError(err [36minstanceof[39m [33mError[39m [33m?[39m err[33m.[39mmessage [33m:[39m [32m'Unknown error'[39m)[33m;[39m
     [90m 42 |[39m     } [36mfinally[39m {
    [31m[1m>[22m[39m[90m 43 |[39m       setLoading([36mfalse[39m)[33m;[39m
     [90m    |[39m       [31m[1m^[22m[39m
     [90m 44 |[39m     }
     [90m 45 |[39m   }[33m;[39m
     [90m 46 |[39m[0m

      at node_modules/react-dom/cjs/react-dom-client.development.js:15751:19
      at runWithFiberInDEV (node_modules/react-dom/cjs/react-dom-client.development.js:543:16)
      at warnIfUpdatesNotWrappedWithActDEV (node_modules/react-dom/cjs/react-dom-client.development.js:15750:9)
      at scheduleUpdateOnFiber (node_modules/react-dom/cjs/react-dom-client.development.js:14311:11)
      at dispatchSetStateInternal (node_modules/react-dom/cjs/react-dom-client.development.js:7208:13)
      at dispatchSetState (node_modules/react-dom/cjs/react-dom-client.development.js:7161:7)
      at fetchStats (.worktrees/LOC-0069-AC2/src/app/analytics/page.tsx:43:7)

  console.error
    An update to AnalyticsPage inside a test was not wrapped in act(...).
    
    When testing, code that causes React state updates should be wrapped into act(...):
    
    act(() => {
      /* fire events that update state */
    });
    /* assert on the output */
    
    This ensures that you're testing the behavior the user would see in the browser. Learn more at https://react.dev/link/wrap-tests-with-act

    [0m [90m 41 |[39m       setError(err [36minstanceof[39m [33mError[39m [33m?[39m err[33m.[39mmessage [33m:[39m [32m'Unknown error'[39m)[33m;[39m
     [90m 42 |[39m     } [36mfinally[39m {
    [31m[1m>[22m[39m[90m 43 |[39m       setLoading([36mfalse[39m)[33m;[39m
     [90m    |[39m       [31m[1m^[22m[39m
     [90m 44 |[39m     }
     [90m 45 |[39m   }[33m;[39m
     [90m 46 |[39m[0m

      at node_modules/react-dom/cjs/react-dom-client.development.js:15751:19
      at runWithFiberInDEV (node_modules/react-dom/cjs/react-dom-client.development.js:543:16)
      at warnIfUpdatesNotWrappedWithActDEV (node_modules/react-dom/cjs/react-dom-client.development.js:15750:9)
      at scheduleUpdateOnFiber (node_modules/react-dom/cjs/react-dom-client.development.js:14311:11)
      at dispatchSetStateInternal (node_modules/react-dom/cjs/react-dom-client.development.js:7208:13)
      at dispatchSetState (node_modules/react-dom/cjs/react-dom-client.development.js:7161:7)
      at fetchStats (.worktrees/LOC-0063-AC3/src/app/analytics/page.tsx:43:7)

  console.error
    An update to AnalyticsPage inside a test was not wrapped in act(...).
    
    When testing, code that causes React state updates should be wrapped into act(...):
    
    act(() => {
      /* fire events that update state */
    });
    /* assert on the output */
    
    This ensures that you're testing the behavior the user would see in the browser. Learn more at https://react.dev/link/wrap-tests-with-act

    [0m [90m 41 |[39m       setError(err [36minstanceof[39m [33mError[39m [33m?[39m err[33m.[39mmessage [33m:[39m [32m'Unknown error'[39m)[33m;[39m
     [90m 42 |[39m     } [36mfinally[39m {
    [31m[1m>[22m[39m[90m 43 |[39m       setLoading([36mfalse[39m)[33m;[39m
     [90m    |[39m       [31m[1m^[22m[39m
     [90m 44 |[39m     }
     [90m 45 |[39m   }[33m;[39m
     [90m 46 |[39m[0m

      at node_modules/react-dom/cjs/react-dom-client.development.js:15751:19
      at runWithFiberInDEV (node_modules/react-dom/cjs/react-dom-client.development.js:543:16)
      at warnIfUpdatesNotWrappedWithActDEV (node_modules/react-dom/cjs/react-dom-client.development.js:15750:9)
      at scheduleUpdateOnFiber (node_modules/react-dom/cjs/react-dom-client.development.js:14311:11)
      at dispatchSetStateInternal (node_modules/react-dom/cjs/react-dom-client.development.js:7208:13)
      at dispatchSetState (node_modules/react-dom/cjs/react-dom-client.development.js:7161:7)
      at fetchStats (.worktrees/LOC-0069-AC1/src/app/analytics/page.tsx:43:7)

  console.error
    An update to AnalyticsPage inside a test was not wrapped in act(...).
    
    When testing, code that causes React state updates should be wrapped into act(...):
    
    act(() => {
      /* fire events that update state */
    });
    /* assert on the output */
    
    This ensures that you're testing the behavior the user would see in the browser. Learn more at https://react.dev/link/wrap-tests-with-act

    [0m [90m 40 |[39m       [36mif[39m ([33m![39mresponse[33m.[39mok) [36mthrow[39m [36mnew[39m [33mError[39m([32m'Failed to fetch stats'[39m)[33m;[39m
     [90m 41 |[39m       [36mconst[39m data [33m=[39m [36mawait[39m response[33m.[39mjson()[33m;[39m
    [31m[1m>[22m[39m[90m 42 |[39m       setStats(data)[33m;[39m
     [90m    |[39m       [31m[1m^[22m[39m
     [90m 43 |[39m     } [36mcatch[39m (err) {
     [90m 44 |[39m       setError(err [36minstanceof[39m [33mError[39m [33m?[39m err[33m.[39mmessage [33m:[39m [32m'Unknown error'[39m)[33m;[39m
     [90m 45 |[39m     } [36mfinally[39m {[0m

      at node_modules/react-dom/cjs/react-dom-client.development.js:15751:19
      at runWithFiberInDEV (node_modules/react-dom/cjs/react-dom-client.development.js:543:16)
      at warnIfUpdatesNotWrappedWithActDEV (node_modules/react-dom/cjs/react-dom-client.development.js:15750:9)
      at scheduleUpdateOnFiber (node_modules/react-dom/cjs/react-dom-client.development.js:14311:11)
      at dispatchSetStateInternal (node_modules/react-dom/cjs/react-dom-client.development.js:7208:13)
      at dispatchSetState (node_modules/react-dom/cjs/react-dom-client.development.js:7161:7)
      at fetchStats (src/app/analytics/page.tsx:42:7)

  console.error
    An update to AnalyticsPage inside a test was not wrapped in act(...).
    
    When testing, code that causes React state updates should be wrapped into act(...):
    
    act(() => {
      /* fire events that update state */
    });
    /* assert on the output */
    
    This ensures that you're testing the behavior the user would see in the browser. Learn more at https://react.dev/link/wrap-tests-with-act

    [0m [90m 44 |[39m       setError(err [36minstanceof[39m [33mError[39m [33m?[39m err[33m.[39mmessage [33m:[39m [32m'Unknown error'[39m)[33m;[39m
     [90m 45 |[39m     } [36mfinally[39m {
    [31m[1m>[22m[39m[90m 46 |[39m       setLoading([36mfalse[39m)[33m;[39m
     [90m    |[39m       [31m[1m^[22m[39m
     [90m 47 |[39m     }
     [90m 48 |[39m   }[33m;[39m
     [90m 49 |[39m[0m

      at node_modules/react-dom/cjs/react-dom-client.development.js:15751:19
      at runWithFiberInDEV (node_modules/react-dom/cjs/react-dom-client.development.js:543:16)
      at warnIfUpdatesNotWrappedWithActDEV (node_modules/react-dom/cjs/react-dom-client.development.js:15750:9)
      at scheduleUpdateOnFiber (node_modules/react-dom/cjs/react-dom-client.development.js:14311:11)
      at dispatchSetStateInternal (node_modules/react-dom/cjs/react-dom-client.development.js:7208:13)
      at dispatchSetState (node_modules/react-dom/cjs/react-dom-client.development.js:7161:7)
      at fetchStats (src/app/analytics/page.tsx:46:7)

  console.error
    An update to AnalyticsPage inside a test was not wrapped in act(...).
    
    When testing, code that causes React state updates should be wrapped into act(...):
    
    act(() => {
      /* fire events that update state */
    });
    /* assert on the output */
    
    This ensures that you're testing the behavior the user would see in the browser. Learn more at https://react.dev/link/wrap-tests-with-act

    [0m [90m 37 |[39m       [36mif[39m ([33m![39mresponse[33m.[39mok) [36mthrow[39m [36mnew[39m [33mError[39m([32m'Failed to fetch stats'[39m)[33m;[39m
     [90m 38 |[39m       [36mconst[39m data [33m=[39m [36mawait[39m response[33m.[39mjson()[33m;[39m
    [31m[1m>[22m[39m[90m 39 |[39m       setStats(data)[33m;[39m
     [90m    |[39m       [31m[1m^[22m[39m
     [90m 40 |[39m     } [36mcatch[39m (err) {
     [90m 41 |[39m       setError(err [36minstanceof[39m [33mError[39m [33m?[39m err[33m.[39mmessage [33m:[39m [32m'Unknown error'[39m)[33m;[39m
     [90m 42 |[39m     } [36mfinally[39m {[0m

      at node_modules/react-dom/cjs/react-dom-client.development.js:15751:19
      at runWithFiberInDEV (node_modules/react-dom/cjs/react-dom-client.development.js:543:16)
      at warnIfUpdatesNotWrappedWithActDEV (node_modules/react-dom/cjs/react-dom-client.development.js:15750:9)
      at scheduleUpdateOnFiber (node_modules/react-dom/cjs/react-dom-client.development.js:14311:11)
      at dispatchSetStateInternal (node_modules/react-dom/cjs/react-dom-client.development.js:7208:13)
      at dispatchSetState (node_modules/react-dom/cjs/react-dom-client.development.js:7161:7)
      at fetchStats (.worktrees/LOC-0067-AC5/src/app/analytics/page.tsx:39:7)

  console.error
    An update to AnalyticsPage inside a test was not wrapped in act(...).
    
    When testing, code that causes React state updates should be wrapped into act(...):
    
    act(() => {
      /* fire events that update state */
    });
    /* assert on the output */
    
    This ensures that you're testing the behavior the user would see in the browser. Learn more at https://react.dev/link/wrap-tests-with-act

    [0m [90m 37 |[39m       [36mif[39m ([33m![39mresponse[33m.[39mok) [36mthrow[39m [36mnew[39m [33mError[39m([32m'Failed to fetch stats'[39m)[33m;[39m
     [90m 38 |[39m       [36mconst[39m data [33m=[39m [36mawait[39m response[33m.[39mjson()[33m;[39m
    [31m[1m>[22m[39m[90m 39 |[39m       setStats(data)[33m;[39m
     [90m    |[39m       [31m[1m^[22m[39m
     [90m 40 |[39m     } [36mcatch[39m (err) {
     [90m 41 |[39m       setError(err [36minstanceof[39m [33mError[39m [33m?[39m err[33m.[39mmessage [33m:[39m [32m'Unknown error'[39m)[33m;[39m
     [90m 42 |[39m     } [36mfinally[39m {[0m

      at node_modules/react-dom/cjs/react-dom-client.development.js:15751:19
      at runWithFiberInDEV (node_modules/react-dom/cjs/react-dom-client.development.js:543:16)
      at warnIfUpdatesNotWrappedWithActDEV (node_modules/react-dom/cjs/react-dom-client.development.js:15750:9)
      at scheduleUpdateOnFiber (node_modules/react-dom/cjs/react-dom-client.development.js:14311:11)
      at dispatchSetStateInternal (node_modules/react-dom/cjs/react-dom-client.development.js:7208:13)
      at dispatchSetState (node_modules/react-dom/cjs/react-dom-client.development.js:7161:7)
      at fetchStats (.worktrees/LOC-0063-AC2/src/app/analytics/page.tsx:39:7)

  console.error
    Failed to fetch recent jobs: TypeError: Cannot read properties of undefined (reading 'ok')
        at fetchRecentJobs (C:\Users\Merlin\Documents\repos\Black_Owned\.worktrees\LOC-0063-AC5\src\app\analytics\page.tsx:50:21)
        at processTicksAndRejections (node:internal/process/task_queues:104:5)

    [0m [90m 52 |[39m       setRecentJobs(data)[33m;[39m
     [90m 53 |[39m     } [36mcatch[39m (err) {
    [31m[1m>[22m[39m[90m 54 |[39m       console[33m.[39merror([32m'Failed to fetch recent jobs:'[39m[33m,[39m err)[33m;[39m
     [90m    |[39m               [31m[1m^[22m[39m
     [90m 55 |[39m     }
     [90m 56 |[39m   }[33m;[39m
     [90m 57 |[39m[0m

      at fetchRecentJobs (.worktrees/LOC-0063-AC5/src/app/analytics/page.tsx:54:15)

  console.error
    An update to AnalyticsPage inside a test was not wrapped in act(...).
    
    When testing, code that causes React state updates should be wrapped into act(...):
    
    act(() => {
      /* fire events that update state */
    });
    /* assert on the output */
    
    This ensures that you're testing the behavior the user would see in the browser. Learn more at https://react.dev/link/wrap-tests-with-act

    [0m [90m 41 |[39m       setError(err [36minstanceof[39m [33mError[39m [33m?[39m err[33m.[39mmessage [33m:[39m [32m'Unknown error'[39m)[33m;[39m
     [90m 42 |[39m     } [36mfinally[39m {
    [31m[1m>[22m[39m[90m 43 |[39m       setLoading([36mfalse[39m)[33m;[39m
     [90m    |[39m       [31m[1m^[22m[39m
     [90m 44 |[39m     }
     [90m 45 |[39m   }[33m;[39m
     [90m 46 |[39m[0m

      at node_modules/react-dom/cjs/react-dom-client.development.js:15751:19
      at runWithFiberInDEV (node_modules/react-dom/cjs/react-dom-client.development.js:543:16)
      at warnIfUpdatesNotWrappedWithActDEV (node_modules/react-dom/cjs/react-dom-client.development.js:15750:9)
      at scheduleUpdateOnFiber (node_modules/react-dom/cjs/react-dom-client.development.js:14311:11)
      at dispatchSetStateInternal (node_modules/react-dom/cjs/react-dom-client.development.js:7208:13)
      at dispatchSetState (node_modules/react-dom/cjs/react-dom-client.development.js:7161:7)
      at fetchStats (.worktrees/LOC-0067-AC5/src/app/analytics/page.tsx:43:7)

  console.error
    An update to AnalyticsPage inside a test was not wrapped in act(...).
    
    When testing, code that causes React state updates should be wrapped into act(...):
    
    act(() => {
      /* fire events that update state */
    });
    /* assert on the output */
    
    This ensures that you're testing the behavior the user would see in the browser. Learn more at https://react.dev/link/wrap-tests-with-act

    [0m [90m 41 |[39m       setError(err [36minstanceof[39m [33mError[39m [33m?[39m err[33m.[39mmessage [33m:[39m [32m'Unknown error'[39m)[33m;[39m
     [90m 42 |[39m     } [36mfinally[39m {
    [31m[1m>[22m[39m[90m 43 |[39m       setLoading([36mfalse[39m)[33m;[39m
     [90m    |[39m       [31m[1m^[22m[39m
     [90m 44 |[39m     }
     [90m 45 |[39m   }[33m;[39m
     [90m 46 |[39m[0m

      at node_modules/react-dom/cjs/react-dom-client.development.js:15751:19
      at runWithFiberInDEV (node_modules/react-dom/cjs/react-dom-client.development.js:543:16)
      at warnIfUpdatesNotWrappedWithActDEV (node_modules/react-dom/cjs/react-dom-client.development.js:15750:9)
      at scheduleUpdateOnFiber (node_modules/react-dom/cjs/react-dom-client.development.js:14311:11)
      at dispatchSetStateInternal (node_modules/react-dom/cjs/react-dom-client.development.js:7208:13)
      at dispatchSetState (node_modules/react-dom/cjs/react-dom-client.development.js:7161:7)
      at fetchStats (.worktrees/LOC-0063-AC2/src/app/analytics/page.tsx:43:7)

  console.error
    Failed to fetch recent jobs: TypeError: Cannot read properties of undefined (reading 'ok')
        at fetchRecentJobs (C:\Users\Merlin\Documents\repos\Black_Owned\.worktrees\LOC-0064-AC4\src\app\analytics\page.tsx:50:21)
        at processTicksAndRejections (node:internal/process/task_queues:104:5)

    [0m [90m 52 |[39m       setRecentJobs(data)[33m;[39m
     [90m 53 |[39m     } [36mcatch[39m (err) {
    [31m[1m>[22m[39m[90m 54 |[39m       console[33m.[39merror([32m'Failed to fetch recent jobs:'[39m[33m,[39m err)[33m;[39m
     [90m    |[39m               [31m[1m^[22m[39m
     [90m 55 |[39m     }
     [90m 56 |[39m   }[33m;[39m
     [90m 57 |[39m[0m

      at fetchRecentJobs (.worktrees/LOC-0064-AC4/src/app/analytics/page.tsx:54:15)

  console.error
    An update to AnalyticsPage inside a test was not wrapped in act(...).
    
    When testing, code that causes React state updates should be wrapped into act(...):
    
    act(() => {
      /* fire events that update state */
    });
    /* assert on the output */
    
    This ensures that you're testing the behavior the user would see in the browser. Learn more at https://react.dev/link/wrap-tests-with-act

    [0m [90m 37 |[39m       [36mif[39m ([33m![39mresponse[33m.[39mok) [36mthrow[39m [36mnew[39m [33mError[39m([32m'Failed to fetch stats'[39m)[33m;[39m
     [90m 38 |[39m       [36mconst[39m data [33m=[39m [36mawait[39m response[33m.[39mjson()[33m;[39m
    [31m[1m>[22m[39m[90m 39 |[39m       setStats(data)[33m;[39m
     [90m    |[39m       [31m[1m^[22m[39m
     [90m 40 |[39m     } [36mcatch[39m (err) {
     [90m 41 |[39m       setError(err [36minstanceof[39m [33mError[39m [33m?[39m err[33m.[39mmessage [33m:[39m [32m'Unknown error'[39m)[33m;[39m
     [90m 42 |[39m     } [36mfinally[39m {[0m

      at node_modules/react-dom/cjs/react-dom-client.development.js:15751:19
      at runWithFiberInDEV (node_modules/react-dom/cjs/react-dom-client.development.js:543:16)
      at warnIfUpdatesNotWrappedWithActDEV (node_modules/react-dom/cjs/react-dom-client.development.js:15750:9)
      at scheduleUpdateOnFiber (node_modules/react-dom/cjs/react-dom-client.development.js:14311:11)
      at dispatchSetStateInternal (node_modules/react-dom/cjs/react-dom-client.development.js:7208:13)
      at dispatchSetState (node_modules/react-dom/cjs/react-dom-client.development.js:7161:7)
      at fetchStats (.worktrees/LOC-0067-AC3/src/app/analytics/page.tsx:39:7)

  console.error
    An update to AnalyticsPage inside a test was not wrapped in act(...).
    
    When testing, code that causes React state updates should be wrapped into act(...):
    
    act(() => {
      /* fire events that update state */
    });
    /* assert on the output */
    
    This ensures that you're testing the behavior the user would see in the browser. Learn more at https://react.dev/link/wrap-tests-with-act

    [0m [90m 41 |[39m       setError(err [36minstanceof[39m [33mError[39m [33m?[39m err[33m.[39mmessage [33m:[39m [32m'Unknown error'[39m)[33m;[39m
     [90m 42 |[39m     } [36mfinally[39m {
    [31m[1m>[22m[39m[90m 43 |[39m       setLoading([36mfalse[39m)[33m;[39m
     [90m    |[39m       [31m[1m^[22m[39m
     [90m 44 |[39m     }
     [90m 45 |[39m   }[33m;[39m
     [90m 46 |[39m[0m

      at node_modules/react-dom/cjs/react-dom-client.development.js:15751:19
      at runWithFiberInDEV (node_modules/react-dom/cjs/react-dom-client.development.js:543:16)
      at warnIfUpdatesNotWrappedWithActDEV (node_modules/react-dom/cjs/react-dom-client.development.js:15750:9)
      at scheduleUpdateOnFiber (node_modules/react-dom/cjs/react-dom-client.development.js:14311:11)
      at dispatchSetStateInternal (node_modules/react-dom/cjs/react-dom-client.development.js:7208:13)
      at dispatchSetState (node_modules/react-dom/cjs/react-dom-client.development.js:7161:7)
      at fetchStats (.worktrees/LOC-0067-AC3/src/app/analytics/page.tsx:43:7)

  console.error
    An update to AnalyticsPage inside a test was not wrapped in act(...).
    
    When testing, code that causes React state updates should be wrapped into act(...):
    
    act(() => {
      /* fire events that update state */
    });
    /* assert on the output */
    
    This ensures that you're testing the behavior the user would see in the browser. Learn more at https://react.dev/link/wrap-tests-with-act

    [0m [90m 37 |[39m       [36mif[39m ([33m![39mresponse[33m.[39mok) [36mthrow[39m [36mnew[39m [33mError[39m([32m'Failed to fetch stats'[39m)[33m;[39m
     [90m 38 |[39m       [36mconst[39m data [33m=[39m [36mawait[39m response[33m.[39mjson()[33m;[39m
    [31m[1m>[22m[39m[90m 39 |[39m       setStats(data)[33m;[39m
     [90m    |[39m       [31m[1m^[22m[39m
     [90m 40 |[39m     } [36mcatch[39m (err) {
     [90m 41 |[39m       setError(err [36minstanceof[39m [33mError[39m [33m?[39m err[33m.[39mmessage [33m:[39m [32m'Unknown error'[39m)[33m;[39m
     [90m 42 |[39m     } [36mfinally[39m {[0m

      at node_modules/react-dom/cjs/react-dom-client.development.js:15751:19
      at runWithFiberInDEV (node_modules/react-dom/cjs/react-dom-client.development.js:543:16)
      at warnIfUpdatesNotWrappedWithActDEV (node_modules/react-dom/cjs/react-dom-client.development.js:15750:9)
      at scheduleUpdateOnFiber (node_modules/react-dom/cjs/react-dom-client.development.js:14311:11)
      at dispatchSetStateInternal (node_modules/react-dom/cjs/react-dom-client.development.js:7208:13)
      at dispatchSetState (node_modules/react-dom/cjs/react-dom-client.development.js:7161:7)
      at fetchStats (.worktrees/LOC-0064-AC4/src/app/analytics/page.tsx:39:7)

  console.error
    An update to AnalyticsPage inside a test was not wrapped in act(...).
    
    When testing, code that causes React state updates should be wrapped into act(...):
    
    act(() => {
      /* fire events that update state */
    });
    /* assert on the output */
    
    This ensures that you're testing the behavior the user would see in the browser. Learn more at https://react.dev/link/wrap-tests-with-act

    [0m [90m 41 |[39m       setError(err [36minstanceof[39m [33mError[39m [33m?[39m err[33m.[39mmessage [33m:[39m [32m'Unknown error'[39m)[33m;[39m
     [90m 42 |[39m     } [36mfinally[39m {
    [31m[1m>[22m[39m[90m 43 |[39m       setLoading([36mfalse[39m)[33m;[39m
     [90m    |[39m       [31m[1m^[22m[39m
     [90m 44 |[39m     }
     [90m 45 |[39m   }[33m;[39m
     [90m 46 |[39m[0m

      at node_modules/react-dom/cjs/react-dom-client.development.js:15751:19
      at runWithFiberInDEV (node_modules/react-dom/cjs/react-dom-client.development.js:543:16)
      at warnIfUpdatesNotWrappedWithActDEV (node_modules/react-dom/cjs/react-dom-client.development.js:15750:9)
      at scheduleUpdateOnFiber (node_modules/react-dom/cjs/react-dom-client.development.js:14311:11)
      at dispatchSetStateInternal (node_modules/react-dom/cjs/react-dom-client.development.js:7208:13)
      at dispatchSetState (node_modules/react-dom/cjs/react-dom-client.development.js:7161:7)
      at fetchStats (.worktrees/LOC-0064-AC4/src/app/analytics/page.tsx:43:7)

  console.error
    An update to AnalyticsPage inside a test was not wrapped in act(...).
    
    When testing, code that causes React state updates should be wrapped into act(...):
    
    act(() => {
      /* fire events that update state */
    });
    /* assert on the output */
    
    This ensures that you're testing the behavior the user would see in the browser. Learn more at https://react.dev/link/wrap-tests-with-act

    [0m [90m 37 |[39m       [36mif[39m ([33m![39mresponse[33m.[39mok) [36mthrow[39m [36mnew[39m [33mError[39m([32m'Failed to fetch stats'[39m)[33m;[39m
     [90m 38 |[39m       [36mconst[39m data [33m=[39m [36mawait[39m response[33m.[39mjson()[33m;[39m
    [31m[1m>[22m[39m[90m 39 |[39m       setStats(data)[33m;[39m
     [90m    |[39m       [31m[1m^[22m[39m
     [90m 40 |[39m     } [36mcatch[39m (err) {
     [90m 41 |[39m       setError(err [36minstanceof[39m [33mError[39m [33m?[39m err[33m.[39mmessage [33m:[39m [32m'Unknown error'[39m)[33m;[39m
     [90m 42 |[39m     } [36mfinally[39m {[0m

      at node_modules/react-dom/cjs/react-dom-client.development.js:15751:19
      at runWithFiberInDEV (node_modules/react-dom/cjs/react-dom-client.development.js:543:16)
      at warnIfUpdatesNotWrappedWithActDEV (node_modules/react-dom/cjs/react-dom-client.development.js:15750:9)
      at scheduleUpdateOnFiber (node_modules/react-dom/cjs/react-dom-client.development.js:14311:11)
      at dispatchSetStateInternal (node_modules/react-dom/cjs/react-dom-client.development.js:7208:13)
      at dispatchSetState (node_modules/react-dom/cjs/react-dom-client.development.js:7161:7)
      at fetchStats (.worktrees/LOC-0063-AC5/src/app/analytics/page.tsx:39:7)

  console.error
    Failed to fetch recent jobs: TypeError: Cannot read properties of undefined (reading 'ok')
        at fetchRecentJobs (C:\Users\Merlin\Documents\repos\Black_Owned\.worktrees\LOC-0069-AC2\src\app\analytics\page.tsx:50:21)
        at processTicksAndRejections (node:internal/process/task_queues:104:5)

    [0m [90m 52 |[39m       setRecentJobs(data)[33m;[39m
     [90m 53 |[39m     } [36mcatch[39m (err) {
    [31m[1m>[22m[39m[90m 54 |[39m       console[33m.[39merror([32m'Failed to fetch recent jobs:'[39m[33m,[39m err)[33m;[39m
     [90m    |[39m               [31m[1m^[22m[39m
     [90m 55 |[39m     }
     [90m 56 |[39m   }[33m;[39m
     [90m 57 |[39m[0m

      at fetchRecentJobs (.worktrees/LOC-0069-AC2/src/app/analytics/page.tsx:54:15)

  console.error
    Failed to fetch recent jobs: TypeError: Cannot read properties of undefined (reading 'ok')
        at fetchRecentJobs (C:\Users\Merlin\Documents\repos\Black_Owned\.worktrees\LOC-0063-AC3\src\app\analytics\page.tsx:50:21)
        at processTicksAndRejections (node:internal/process/task_queues:104:5)

    [0m [90m 52 |[39m       setRecentJobs(data)[33m;[39m
     [90m 53 |[39m     } [36mcatch[39m (err) {
    [31m[1m>[22m[39m[90m 54 |[39m       console[33m.[39merror([32m'Failed to fetch recent jobs:'[39m[33m,[39m err)[33m;[39m
     [90m    |[39m               [31m[1m^[22m[39m
     [90m 55 |[39m     }
     [90m 56 |[39m   }[33m;[39m
     [90m 57 |[39m[0m

      at fetchRecentJobs (.worktrees/LOC-0063-AC3/src/app/analytics/page.tsx:54:15)

  console.error
    Failed to fetch recent jobs: TypeError: Cannot read properties of undefined (reading 'ok')
        at fetchRecentJobs (C:\Users\Merlin\Documents\repos\Black_Owned\src\app\analytics\page.tsx:53:21)
        at processTicksAndRejections (node:internal/process/task_queues:104:5)

    [0m [90m 55 |[39m       setRecentJobs(data)[33m;[39m
     [90m 56 |[39m     } [36mcatch[39m (err) {
    [31m[1m>[22m[39m[90m 57 |[39m       console[33m.[39merror([32m'Failed to fetch recent jobs:'[39m[33m,[39m err)[33m;[39m
     [90m    |[39m               [31m[1m^[22m[39m
     [90m 58 |[39m     }
     [90m 59 |[39m   }[33m;[39m
     [90m 60 |[39m[0m

      at fetchRecentJobs (src/app/analytics/page.tsx:57:15)

  console.error
    An update to AnalyticsPage inside a test was not wrapped in act(...).
    
    When testing, code that causes React state updates should be wrapped into act(...):
    
    act(() => {
      /* fire events that update state */
    });
    /* assert on the output */
    
    This ensures that you're testing the behavior the user would see in the browser. Learn more at https://react.dev/link/wrap-tests-with-act

    [0m [90m 41 |[39m       setError(err [36minstanceof[39m [33mError[39m [33m?[39m err[33m.[39mmessage [33m:[39m [32m'Unknown error'[39m)[33m;[39m
     [90m 42 |[39m     } [36mfinally[39m {
    [31m[1m>[22m[39m[90m 43 |[39m       setLoading([36mfalse[39m)[33m;[39m
     [90m    |[39m       [31m[1m^[22m[39m
     [90m 44 |[39m     }
     [90m 45 |[39m   }[33m;[39m
     [90m 46 |[39m[0m

      at node_modules/react-dom/cjs/react-dom-client.development.js:15751:19
      at runWithFiberInDEV (node_modules/react-dom/cjs/react-dom-client.development.js:543:16)
      at warnIfUpdatesNotWrappedWithActDEV (node_modules/react-dom/cjs/react-dom-client.development.js:15750:9)
      at scheduleUpdateOnFiber (node_modules/react-dom/cjs/react-dom-client.development.js:14311:11)
      at dispatchSetStateInternal (node_modules/react-dom/cjs/react-dom-client.development.js:7208:13)
      at dispatchSetState (node_modules/react-dom/cjs/react-dom-client.development.js:7161:7)
      at fetchStats (.worktrees/LOC-0063-AC5/src/app/analytics/page.tsx:43:7)

  console.error
    Failed to fetch recent jobs: TypeError: Cannot read properties of undefined (reading 'ok')
        at fetchRecentJobs (C:\Users\Merlin\Documents\repos\Black_Owned\.worktrees\LOC-0069-AC1\src\app\analytics\page.tsx:50:21)
        at processTicksAndRejections (node:internal/process/task_queues:104:5)

    [0m [90m 52 |[39m       setRecentJobs(data)[33m;[39m
     [90m 53 |[39m     } [36mcatch[39m (err) {
    [31m[1m>[22m[39m[90m 54 |[39m       console[33m.[39merror([32m'Failed to fetch recent jobs:'[39m[33m,[39m err)[33m;[39m
     [90m    |[39m               [31m[1m^[22m[39m
     [90m 55 |[39m     }
     [90m 56 |[39m   }[33m;[39m
     [90m 57 |[39m[0m

      at fetchRecentJobs (.worktrees/LOC-0069-AC1/src/app/analytics/page.tsx:54:15)

  console.error
    An update to AnalyticsPage inside a test was not wrapped in act(...).
    
    When testing, code that causes React state updates should be wrapped into act(...):
    
    act(() => {
      /* fire events that update state */
    });
    /* assert on the output */
    
    This ensures that you're testing the behavior the user would see in the browser. Learn more at https://react.dev/link/wrap-tests-with-act

    [0m [90m 37 |[39m       [36mif[39m ([33m![39mresponse[33m.[39mok) [36mthrow[39m [36mnew[39m [33mError[39m([32m'Failed to fetch stats'[39m)[33m;[39m
     [90m 38 |[39m       [36mconst[39m data [33m=[39m [36mawait[39m response[33m.[39mjson()[33m;[39m
    [31m[1m>[22m[39m[90m 39 |[39m       setStats(data)[33m;[39m
     [90m    |[39m       [31m[1m^[22m[39m
     [90m 40 |[39m     } [36mcatch[39m (err) {
     [90m 41 |[39m       setError(err [36minstanceof[39m [33mError[39m [33m?[39m err[33m.[39mmessage [33m:[39m [32m'Unknown error'[39m)[33m;[39m
     [90m 42 |[39m     } [36mfinally[39m {[0m

      at node_modules/react-dom/cjs/react-dom-client.development.js:15751:19
      at runWithFiberInDEV (node_modules/react-dom/cjs/react-dom-client.development.js:543:16)
      at warnIfUpdatesNotWrappedWithActDEV (node_modules/react-dom/cjs/react-dom-client.development.js:15750:9)
      at scheduleUpdateOnFiber (node_modules/react-dom/cjs/react-dom-client.development.js:14311:11)
      at dispatchSetStateInternal (node_modules/react-dom/cjs/react-dom-client.development.js:7208:13)
      at dispatchSetState (node_modules/react-dom/cjs/react-dom-client.development.js:7161:7)
      at fetchStats (.worktrees/LOC-0069-AC2/src/app/analytics/page.tsx:39:7)

  console.error
    An update to AnalyticsPage inside a test was not wrapped in act(...).
    
    When testing, code that causes React state updates should be wrapped into act(...):
    
    act(() => {
      /* fire events that update state */
    });
    /* assert on the output */
    
    This ensures that you're testing the behavior the user would see in the browser. Learn more at https://react.dev/link/wrap-tests-with-act

    [0m [90m 40 |[39m       [36mif[39m ([33m![39mresponse[33m.[39mok) [36mthrow[39m [36mnew[39m [33mError[39m([32m'Failed to fetch stats'[39m)[33m;[39m
     [90m 41 |[39m       [36mconst[39m data [33m=[39m [36mawait[39m response[33m.[39mjson()[33m;[39m
    [31m[1m>[22m[39m[90m 42 |[39m       setStats(data)[33m;[39m
     [90m    |[39m       [31m[1m^[22m[39m
     [90m 43 |[39m     } [36mcatch[39m (err) {
     [90m 44 |[39m       setError(err [36minstanceof[39m [33mError[39m [33m?[39m err[33m.[39mmessage [33m:[39m [32m'Unknown error'[39m)[33m;[39m
     [90m 45 |[39m     } [36mfinally[39m {[0m

      at node_modules/react-dom/cjs/react-dom-client.development.js:15751:19
      at runWithFiberInDEV (node_modules/react-dom/cjs/react-dom-client.development.js:543:16)
      at warnIfUpdatesNotWrappedWithActDEV (node_modules/react-dom/cjs/react-dom-client.development.js:15750:9)
      at scheduleUpdateOnFiber (node_modules/react-dom/cjs/react-dom-client.development.js:14311:11)
      at dispatchSetStateInternal (node_modules/react-dom/cjs/react-dom-client.development.js:7208:13)
      at dispatchSetState (node_modules/react-dom/cjs/react-dom-client.development.js:7161:7)
      at fetchStats (src/app/analytics/page.tsx:42:7)

  console.error
    An update to AnalyticsPage inside a test was not wrapped in act(...).
    
    When testing, code that causes React state updates should be wrapped into act(...):
    
    act(() => {
      /* fire events that update state */
    });
    /* assert on the output */
    
    This ensures that you're testing the behavior the user would see in the browser. Learn more at https://react.dev/link/wrap-tests-with-act

    [0m [90m 37 |[39m       [36mif[39m ([33m![39mresponse[33m.[39mok) [36mthrow[39m [36mnew[39m [33mError[39m([32m'Failed to fetch stats'[39m)[33m;[39m
     [90m 38 |[39m       [36mconst[39m data [33m=[39m [36mawait[39m response[33m.[39mjson()[33m;[39m
    [31m[1m>[22m[39m[90m 39 |[39m       setStats(data)[33m;[39m
     [90m    |[39m       [31m[1m^[22m[39m
     [90m 40 |[39m     } [36mcatch[39m (err) {
     [90m 41 |[39m       setError(err [36minstanceof[39m [33mError[39m [33m?[39m err[33m.[39mmessage [33m:[39m [32m'Unknown error'[39m)[33m;[39m
     [90m 42 |[39m     } [36mfinally[39m {[0m

      at node_modules/react-dom/cjs/react-dom-client.development.js:15751:19
      at runWithFiberInDEV (node_modules/react-dom/cjs/react-dom-client.development.js:543:16)
      at warnIfUpdatesNotWrappedWithActDEV (node_modules/react-dom/cjs/react-dom-client.development.js:15750:9)
      at scheduleUpdateOnFiber (node_modules/react-dom/cjs/react-dom-client.development.js:14311:11)
      at dispatchSetStateInternal (node_modules/react-dom/cjs/react-dom-client.development.js:7208:13)
      at dispatchSetState (node_modules/react-dom/cjs/react-dom-client.development.js:7161:7)
      at fetchStats (.worktrees/LOC-0063-AC3/src/app/analytics/page.tsx:39:7)

  console.error
    An update to AnalyticsPage inside a test was not wrapped in act(...).
    
    When testing, code that causes React state updates should be wrapped into act(...):
    
    act(() => {
      /* fire events that update state */
    });
    /* assert on the output */
    
    This ensures that you're testing the behavior the user would see in the browser. Learn more at https://react.dev/link/wrap-tests-with-act

    [0m [90m 37 |[39m       [36mif[39m ([33m![39mresponse[33m.[39mok) [36mthrow[39m [36mnew[39m [33mError[39m([32m'Failed to fetch stats'[39m)[33m;[39m
     [90m 38 |[39m       [36mconst[39m data [33m=[39m [36mawait[39m response[33m.[39mjson()[33m;[39m
    [31m[1m>[22m[39m[90m 39 |[39m       setStats(data)[33m;[39m
     [90m    |[39m       [31m[1m^[22m[39m
     [90m 40 |[39m     } [36mcatch[39m (err) {
     [90m 41 |[39m       setError(err [36minstanceof[39m [33mError[39m [33m?[39m err[33m.[39mmessage [33m:[39m [32m'Unknown error'[39m)[33m;[39m
     [90m 42 |[39m     } [36mfinally[39m {[0m

      at node_modules/react-dom/cjs/react-dom-client.development.js:15751:19
      at runWithFiberInDEV (node_modules/react-dom/cjs/react-dom-client.development.js:543:16)
      at warnIfUpdatesNotWrappedWithActDEV (node_modules/react-dom/cjs/react-dom-client.development.js:15750:9)
      at scheduleUpdateOnFiber (node_modules/react-dom/cjs/react-dom-client.development.js:14311:11)
      at dispatchSetStateInternal (node_modules/react-dom/cjs/react-dom-client.development.js:7208:13)
      at dispatchSetState (node_modules/react-dom/cjs/react-dom-client.development.js:7161:7)
      at fetchStats (.worktrees/LOC-0069-AC1/src/app/analytics/page.tsx:39:7)

  console.error
    An update to AnalyticsPage inside a test was not wrapped in act(...).
    
    When testing, code that causes React state updates should be wrapped into act(...):
    
    act(() => {
      /* fire events that update state */
    });
    /* assert on the output */
    
    This ensures that you're testing the behavior the user would see in the browser. Learn more at https://react.dev/link/wrap-tests-with-act

    [0m [90m 41 |[39m       setError(err [36minstanceof[39m [33mError[39m [33m?[39m err[33m.[39mmessage [33m:[39m [32m'Unknown error'[39m)[33m;[39m
     [90m 42 |[39m     } [36mfinally[39m {
    [31m[1m>[22m[39m[90m 43 |[39m       setLoading([36mfalse[39m)[33m;[39m
     [90m    |[39m       [31m[1m^[22m[39m
     [90m 44 |[39m     }
     [90m 45 |[39m   }[33m;[39m
     [90m 46 |[39m[0m

      at node_modules/react-dom/cjs/react-dom-client.development.js:15751:19
      at runWithFiberInDEV (node_modules/react-dom/cjs/react-dom-client.development.js:543:16)
      at warnIfUpdatesNotWrappedWithActDEV (node_modules/react-dom/cjs/react-dom-client.development.js:15750:9)
      at scheduleUpdateOnFiber (node_modules/react-dom/cjs/react-dom-client.development.js:14311:11)
      at dispatchSetStateInternal (node_modules/react-dom/cjs/react-dom-client.development.js:7208:13)
      at dispatchSetState (node_modules/react-dom/cjs/react-dom-client.development.js:7161:7)
      at fetchStats (.worktrees/LOC-0069-AC2/src/app/analytics/page.tsx:43:7)

  console.error
    Failed to fetch recent jobs: TypeError: Cannot read properties of undefined (reading 'ok')
        at fetchRecentJobs (C:\Users\Merlin\Documents\repos\Black_Owned\.worktrees\LOC-0067-AC5\src\app\analytics\page.tsx:50:21)
        at processTicksAndRejections (node:internal/process/task_queues:104:5)

    [0m [90m 52 |[39m       setRecentJobs(data)[33m;[39m
     [90m 53 |[39m     } [36mcatch[39m (err) {
    [31m[1m>[22m[39m[90m 54 |[39m       console[33m.[39merror([32m'Failed to fetch recent jobs:'[39m[33m,[39m err)[33m;[39m
     [90m    |[39m               [31m[1m^[22m[39m
     [90m 55 |[39m     }
     [90m 56 |[39m   }[33m;[39m
     [90m 57 |[39m[0m

      at fetchRecentJobs (.worktrees/LOC-0067-AC5/src/app/analytics/page.tsx:54:15)

  console.error
    An update to AnalyticsPage inside a test was not wrapped in act(...).
    
    When testing, code that causes React state updates should be wrapped into act(...):
    
    act(() => {
      /* fire events that update state */
    });
    /* assert on the output */
    
    This ensures that you're testing the behavior the user would see in the browser. Learn more at https://react.dev/link/wrap-tests-with-act

    [0m [90m 44 |[39m       setError(err [36minstanceof[39m [33mError[39m [33m?[39m err[33m.[39mmessage [33m:[39m [32m'Unknown error'[39m)[33m;[39m
     [90m 45 |[39m     } [36mfinally[39m {
    [31m[1m>[22m[39m[90m 46 |[39m       setLoading([36mfalse[39m)[33m;[39m
     [90m    |[39m       [31m[1m^[22m[39m
     [90m 47 |[39m     }
     [90m 48 |[39m   }[33m;[39m
     [90m 49 |[39m[0m

      at node_modules/react-dom/cjs/react-dom-client.development.js:15751:19
      at runWithFiberInDEV (node_modules/react-dom/cjs/react-dom-client.development.js:543:16)
      at warnIfUpdatesNotWrappedWithActDEV (node_modules/react-dom/cjs/react-dom-client.development.js:15750:9)
      at scheduleUpdateOnFiber (node_modules/react-dom/cjs/react-dom-client.development.js:14311:11)
      at dispatchSetStateInternal (node_modules/react-dom/cjs/react-dom-client.development.js:7208:13)
      at dispatchSetState (node_modules/react-dom/cjs/react-dom-client.development.js:7161:7)
      at fetchStats (src/app/analytics/page.tsx:46:7)

  console.error
    An update to AnalyticsPage inside a test was not wrapped in act(...).
    
    When testing, code that causes React state updates should be wrapped into act(...):
    
    act(() => {
      /* fire events that update state */
    });
    /* assert on the output */
    
    This ensures that you're testing the behavior the user would see in the browser. Learn more at https://react.dev/link/wrap-tests-with-act

    [0m [90m 41 |[39m       setError(err [36minstanceof[39m [33mError[39m [33m?[39m err[33m.[39mmessage [33m:[39m [32m'Unknown error'[39m)[33m;[39m
     [90m 42 |[39m     } [36mfinally[39m {
    [31m[1m>[22m[39m[90m 43 |[39m       setLoading([36mfalse[39m)[33m;[39m
     [90m    |[39m       [31m[1m^[22m[39m
     [90m 44 |[39m     }
     [90m 45 |[39m   }[33m;[39m
     [90m 46 |[39m[0m

      at node_modules/react-dom/cjs/react-dom-client.development.js:15751:19
      at runWithFiberInDEV (node_modules/react-dom/cjs/react-dom-client.development.js:543:16)
      at warnIfUpdatesNotWrappedWithActDEV (node_modules/react-dom/cjs/react-dom-client.development.js:15750:9)
      at scheduleUpdateOnFiber (node_modules/react-dom/cjs/react-dom-client.development.js:14311:11)
      at dispatchSetStateInternal (node_modules/react-dom/cjs/react-dom-client.development.js:7208:13)
      at dispatchSetState (node_modules/react-dom/cjs/react-dom-client.development.js:7161:7)
      at fetchStats (.worktrees/LOC-0063-AC3/src/app/analytics/page.tsx:43:7)

  console.error
    An update to AnalyticsPage inside a test was not wrapped in act(...).
    
    When testing, code that causes React state updates should be wrapped into act(...):
    
    act(() => {
      /* fire events that update state */
    });
    /* assert on the output */
    
    This ensures that you're testing the behavior the user would see in the browser. Learn more at https://react.dev/link/wrap-tests-with-act

    [0m [90m 41 |[39m       setError(err [36minstanceof[39m [33mError[39m [33m?[39m err[33m.[39mmessage [33m:[39m [32m'Unknown error'[39m)[33m;[39m
     [90m 42 |[39m     } [36mfinally[39m {
    [31m[1m>[22m[39m[90m 43 |[39m       setLoading([36mfalse[39m)[33m;[39m
     [90m    |[39m       [31m[1m^[22m[39m
     [90m 44 |[39m     }
     [90m 45 |[39m   }[33m;[39m
     [90m 46 |[39m[0m

      at node_modules/react-dom/cjs/react-dom-client.development.js:15751:19
      at runWithFiberInDEV (node_modules/react-dom/cjs/react-dom-client.development.js:543:16)
      at warnIfUpdatesNotWrappedWithActDEV (node_modules/react-dom/cjs/react-dom-client.development.js:15750:9)
      at scheduleUpdateOnFiber (node_modules/react-dom/cjs/react-dom-client.development.js:14311:11)
      at dispatchSetStateInternal (node_modules/react-dom/cjs/react-dom-client.development.js:7208:13)
      at dispatchSetState (node_modules/react-dom/cjs/react-dom-client.development.js:7161:7)
      at fetchStats (.worktrees/LOC-0069-AC1/src/app/analytics/page.tsx:43:7)

  console.error
    Failed to fetch recent jobs: TypeError: Cannot read properties of undefined (reading 'ok')
        at fetchRecentJobs (C:\Users\Merlin\Documents\repos\Black_Owned\.worktrees\LOC-0063-AC2\src\app\analytics\page.tsx:50:21)
        at processTicksAndRejections (node:internal/process/task_queues:104:5)

    [0m [90m 52 |[39m       setRecentJobs(data)[33m;[39m
     [90m 53 |[39m     } [36mcatch[39m (err) {
    [31m[1m>[22m[39m[90m 54 |[39m       console[33m.[39merror([32m'Failed to fetch recent jobs:'[39m[33m,[39m err)[33m;[39m
     [90m    |[39m               [31m[1m^[22m[39m
     [90m 55 |[39m     }
     [90m 56 |[39m   }[33m;[39m
     [90m 57 |[39m[0m

      at fetchRecentJobs (.worktrees/LOC-0063-AC2/src/app/analytics/page.tsx:54:15)

  console.error
    An update to AnalyticsPage inside a test was not wrapped in act(...).
    
    When testing, code that causes React state updates should be wrapped into act(...):
    
    act(() => {
      /* fire events that update state */
    });
    /* assert on the output */
    
    This ensures that you're testing the behavior the user would see in the browser. Learn more at https://react.dev/link/wrap-tests-with-act

    [0m [90m 37 |[39m       [36mif[39m ([33m![39mresponse[33m.[39mok) [36mthrow[39m [36mnew[39m [33mError[39m([32m'Failed to fetch stats'[39m)[33m;[39m
     [90m 38 |[39m       [36mconst[39m data [33m=[39m [36mawait[39m response[33m.[39mjson()[33m;[39m
    [31m[1m>[22m[39m[90m 39 |[39m       setStats(data)[33m;[39m
     [90m    |[39m       [31m[1m^[22m[39m
     [90m 40 |[39m     } [36mcatch[39m (err) {
     [90m 41 |[39m       setError(err [36minstanceof[39m [33mError[39m [33m?[39m err[33m.[39mmessage [33m:[39m [32m'Unknown error'[39m)[33m;[39m
     [90m 42 |[39m     } [36mfinally[39m {[0m

      at node_modules/react-dom/cjs/react-dom-client.development.js:15751:19
      at runWithFiberInDEV (node_modules/react-dom/cjs/react-dom-client.development.js:543:16)
      at warnIfUpdatesNotWrappedWithActDEV (node_modules/react-dom/cjs/react-dom-client.development.js:15750:9)
      at scheduleUpdateOnFiber (node_modules/react-dom/cjs/react-dom-client.development.js:14311:11)
      at dispatchSetStateInternal (node_modules/react-dom/cjs/react-dom-client.development.js:7208:13)
      at dispatchSetState (node_modules/react-dom/cjs/react-dom-client.development.js:7161:7)
      at fetchStats (.worktrees/LOC-0067-AC5/src/app/analytics/page.tsx:39:7)

  console.error
    Failed to fetch recent jobs: TypeError: Cannot read properties of undefined (reading 'ok')
        at fetchRecentJobs (C:\Users\Merlin\Documents\repos\Black_Owned\.worktrees\LOC-0067-AC3\src\app\analytics\page.tsx:50:21)
        at processTicksAndRejections (node:internal/process/task_queues:104:5)

    [0m [90m 52 |[39m       setRecentJobs(data)[33m;[39m
     [90m 53 |[39m     } [36mcatch[39m (err) {
    [31m[1m>[22m[39m[90m 54 |[39m       console[33m.[39merror([32m'Failed to fetch recent jobs:'[39m[33m,[39m err)[33m;[39m
     [90m    |[39m               [31m[1m^[22m[39m
     [90m 55 |[39m     }
     [90m 56 |[39m   }[33m;[39m
     [90m 57 |[39m[0m

      at fetchRecentJobs (.worktrees/LOC-0067-AC3/src/app/analytics/page.tsx:54:15)

  console.error
    An update to AnalyticsPage inside a test was not wrapped in act(...).
    
    When testing, code that causes React state updates should be wrapped into act(...):
    
    act(() => {
      /* fire events that update state */
    });
    /* assert on the output */
    
    This ensures that you're testing the behavior the user would see in the browser. Learn more at https://react.dev/link/wrap-tests-with-act

    [0m [90m 37 |[39m       [36mif[39m ([33m![39mresponse[33m.[39mok) [36mthrow[39m [36mnew[39m [33mError[39m([32m'Failed to fetch stats'[39m)[33m;[39m
     [90m 38 |[39m       [36mconst[39m data [33m=[39m [36mawait[39m response[33m.[39mjson()[33m;[39m
    [31m[1m>[22m[39m[90m 39 |[39m       setStats(data)[33m;[39m
     [90m    |[39m       [31m[1m^[22m[39m
     [90m 40 |[39m     } [36mcatch[39m (err) {
     [90m 41 |[39m       setError(err [36minstanceof[39m [33mError[39m [33m?[39m err[33m.[39mmessage [33m:[39m [32m'Unknown error'[39m)[33m;[39m
     [90m 42 |[39m     } [36mfinally[39m {[0m

      at node_modules/react-dom/cjs/react-dom-client.development.js:15751:19
      at runWithFiberInDEV (node_modules/react-dom/cjs/react-dom-client.development.js:543:16)
      at warnIfUpdatesNotWrappedWithActDEV (node_modules/react-dom/cjs/react-dom-client.development.js:15750:9)
      at scheduleUpdateOnFiber (node_modules/react-dom/cjs/react-dom-client.development.js:14311:11)
      at dispatchSetStateInternal (node_modules/react-dom/cjs/react-dom-client.development.js:7208:13)
      at dispatchSetState (node_modules/react-dom/cjs/react-dom-client.development.js:7161:7)
      at fetchStats (.worktrees/LOC-0063-AC2/src/app/analytics/page.tsx:39:7)

  console.error
    An update to AnalyticsPage inside a test was not wrapped in act(...).
    
    When testing, code that causes React state updates should be wrapped into act(...):
    
    act(() => {
      /* fire events that update state */
    });
    /* assert on the output */
    
    This ensures that you're testing the behavior the user would see in the browser. Learn more at https://react.dev/link/wrap-tests-with-act

    [0m [90m 41 |[39m       setError(err [36minstanceof[39m [33mError[39m [33m?[39m err[33m.[39mmessage [33m:[39m [32m'Unknown error'[39m)[33m;[39m
     [90m 42 |[39m     } [36mfinally[39m {
    [31m[1m>[22m[39m[90m 43 |[39m       setLoading([36mfalse[39m)[33m;[39m
     [90m    |[39m       [31m[1m^[22m[39m
     [90m 44 |[39m     }
     [90m 45 |[39m   }[33m;[39m
     [90m 46 |[39m[0m

      at node_modules/react-dom/cjs/react-dom-client.development.js:15751:19
      at runWithFiberInDEV (node_modules/react-dom/cjs/react-dom-client.development.js:543:16)
      at warnIfUpdatesNotWrappedWithActDEV (node_modules/react-dom/cjs/react-dom-client.development.js:15750:9)
      at scheduleUpdateOnFiber (node_modules/react-dom/cjs/react-dom-client.development.js:14311:11)
      at dispatchSetStateInternal (node_modules/react-dom/cjs/react-dom-client.development.js:7208:13)
      at dispatchSetState (node_modules/react-dom/cjs/react-dom-client.development.js:7161:7)
      at fetchStats (.worktrees/LOC-0067-AC5/src/app/analytics/page.tsx:43:7)

  console.error
    An update to AnalyticsPage inside a test was not wrapped in act(...).
    
    When testing, code that causes React state updates should be wrapped into act(...):
    
    act(() => {
      /* fire events that update state */
    });
    /* assert on the output */
    
    This ensures that you're testing the behavior the user would see in the browser. Learn more at https://react.dev/link/wrap-tests-with-act

    [0m [90m 37 |[39m       [36mif[39m ([33m![39mresponse[33m.[39mok) [36mthrow[39m [36mnew[39m [33mError[39m([32m'Failed to fetch stats'[39m)[33m;[39m
     [90m 38 |[39m       [36mconst[39m data [33m=[39m [36mawait[39m response[33m.[39mjson()[33m;[39m
    [31m[1m>[22m[39m[90m 39 |[39m       setStats(data)[33m;[39m
     [90m    |[39m       [31m[1m^[22m[39m
     [90m 40 |[39m     } [36mcatch[39m (err) {
     [90m 41 |[39m       setError(err [36minstanceof[39m [33mError[39m [33m?[39m err[33m.[39mmessage [33m:[39m [32m'Unknown error'[39m)[33m;[39m
     [90m 42 |[39m     } [36mfinally[39m {[0m

      at node_modules/react-dom/cjs/react-dom-client.development.js:15751:19
      at runWithFiberInDEV (node_modules/react-dom/cjs/react-dom-client.development.js:543:16)
      at warnIfUpdatesNotWrappedWithActDEV (node_modules/react-dom/cjs/react-dom-client.development.js:15750:9)
      at scheduleUpdateOnFiber (node_modules/react-dom/cjs/react-dom-client.development.js:14311:11)
      at dispatchSetStateInternal (node_modules/react-dom/cjs/react-dom-client.development.js:7208:13)
      at dispatchSetState (node_modules/react-dom/cjs/react-dom-client.development.js:7161:7)
      at fetchStats (.worktrees/LOC-0067-AC3/src/app/analytics/page.tsx:39:7)

  console.error
    An update to AnalyticsPage inside a test was not wrapped in act(...).
    
    When testing, code that causes React state updates should be wrapped into act(...):
    
    act(() => {
      /* fire events that update state */
    });
    /* assert on the output */
    
    This ensures that you're testing the behavior the user would see in the browser. Learn more at https://react.dev/link/wrap-tests-with-act

    [0m [90m 41 |[39m       setError(err [36minstanceof[39m [33mError[39m [33m?[39m err[33m.[39mmessage [33m:[39m [32m'Unknown error'[39m)[33m;[39m
     [90m 42 |[39m     } [36mfinally[39m {
    [31m[1m>[22m[39m[90m 43 |[39m       setLoading([36mfalse[39m)[33m;[39m
     [90m    |[39m       [31m[1m^[22m[39m
     [90m 44 |[39m     }
     [90m 45 |[39m   }[33m;[39m
     [90m 46 |[39m[0m

      at node_modules/react-dom/cjs/react-dom-client.development.js:15751:19
      at runWithFiberInDEV (node_modules/react-dom/cjs/react-dom-client.development.js:543:16)
      at warnIfUpdatesNotWrappedWithActDEV (node_modules/react-dom/cjs/react-dom-client.development.js:15750:9)
      at scheduleUpdateOnFiber (node_modules/react-dom/cjs/react-dom-client.development.js:14311:11)
      at dispatchSetStateInternal (node_modules/react-dom/cjs/react-dom-client.development.js:7208:13)
      at dispatchSetState (node_modules/react-dom/cjs/react-dom-client.development.js:7161:7)
      at fetchStats (.worktrees/LOC-0063-AC2/src/app/analytics/page.tsx:43:7)

  console.error
    An update to AnalyticsPage inside a test was not wrapped in act(...).
    
    When testing, code that causes React state updates should be wrapped into act(...):
    
    act(() => {
      /* fire events that update state */
    });
    /* assert on the output */
    
    This ensures that you're testing the behavior the user would see in the browser. Learn more at https://react.dev/link/wrap-tests-with-act

    [0m [90m 41 |[39m       setError(err [36minstanceof[39m [33mError[39m [33m?[39m err[33m.[39mmessage [33m:[39m [32m'Unknown error'[39m)[33m;[39m
     [90m 42 |[39m     } [36mfinally[39m {
    [31m[1m>[22m[39m[90m 43 |[39m       setLoading([36mfalse[39m)[33m;[39m
     [90m    |[39m       [31m[1m^[22m[39m
     [90m 44 |[39m     }
     [90m 45 |[39m   }[33m;[39m
     [90m 46 |[39m[0m

      at node_modules/react-dom/cjs/react-dom-client.development.js:15751:19
      at runWithFiberInDEV (node_modules/react-dom/cjs/react-dom-client.development.js:543:16)
      at warnIfUpdatesNotWrappedWithActDEV (node_modules/react-dom/cjs/react-dom-client.development.js:15750:9)
      at scheduleUpdateOnFiber (node_modules/react-dom/cjs/react-dom-client.development.js:14311:11)
      at dispatchSetStateInternal (node_modules/react-dom/cjs/react-dom-client.development.js:7208:13)
      at dispatchSetState (node_modules/react-dom/cjs/react-dom-client.development.js:7161:7)
      at fetchStats (.worktrees/LOC-0067-AC3/src/app/analytics/page.tsx:43:7)

  console.error
    Failed to fetch recent jobs: TypeError: Cannot read properties of undefined (reading 'ok')
        at fetchRecentJobs (C:\Users\Merlin\Documents\repos\Black_Owned\.worktrees\LOC-0063-AC5\src\app\analytics\page.tsx:50:21)
        at processTicksAndRejections (node:internal/process/task_queues:104:5)

    [0m [90m 52 |[39m       setRecentJobs(data)[33m;[39m
     [90m 53 |[39m     } [36mcatch[39m (err) {
    [31m[1m>[22m[39m[90m 54 |[39m       console[33m.[39merror([32m'Failed to fetch recent jobs:'[39m[33m,[39m err)[33m;[39m
     [90m    |[39m               [31m[1m^[22m[39m
     [90m 55 |[39m     }
     [90m 56 |[39m   }[33m;[39m
     [90m 57 |[39m[0m

      at fetchRecentJobs (.worktrees/LOC-0063-AC5/src/app/analytics/page.tsx:54:15)

  console.error
    An update to AnalyticsPage inside a test was not wrapped in act(...).
    
    When testing, code that causes React state updates should be wrapped into act(...):
    
    act(() => {
      /* fire events that update state */
    });
    /* assert on the output */
    
    This ensures that you're testing the behavior the user would see in the browser. Learn more at https://react.dev/link/wrap-tests-with-act

    [0m [90m 37 |[39m       [36mif[39m ([33m![39mresponse[33m.[39mok) [36mthrow[39m [36mnew[39m [33mError[39m([32m'Failed to fetch stats'[39m)[33m;[39m
     [90m 38 |[39m       [36mconst[39m data [33m=[39m [36mawait[39m response[33m.[39mjson()[33m;[39m
    [31m[1m>[22m[39m[90m 39 |[39m       setStats(data)[33m;[39m
     [90m    |[39m       [31m[1m^[22m[39m
     [90m 40 |[39m     } [36mcatch[39m (err) {
     [90m 41 |[39m       setError(err [36minstanceof[39m [33mError[39m [33m?[39m err[33m.[39mmessage [33m:[39m [32m'Unknown error'[39m)[33m;[39m
     [90m 42 |[39m     } [36mfinally[39m {[0m

      at node_modules/react-dom/cjs/react-dom-client.development.js:15751:19
      at runWithFiberInDEV (node_modules/react-dom/cjs/react-dom-client.development.js:543:16)
      at warnIfUpdatesNotWrappedWithActDEV (node_modules/react-dom/cjs/react-dom-client.development.js:15750:9)
      at scheduleUpdateOnFiber (node_modules/react-dom/cjs/react-dom-client.development.js:14311:11)
      at dispatchSetStateInternal (node_modules/react-dom/cjs/react-dom-client.development.js:7208:13)
      at dispatchSetState (node_modules/react-dom/cjs/react-dom-client.development.js:7161:7)
      at fetchStats (.worktrees/LOC-0063-AC5/src/app/analytics/page.tsx:39:7)

  console.error
    An update to AnalyticsPage inside a test was not wrapped in act(...).
    
    When testing, code that causes React state updates should be wrapped into act(...):
    
    act(() => {
      /* fire events that update state */
    });
    /* assert on the output */
    
    This ensures that you're testing the behavior the user would see in the browser. Learn more at https://react.dev/link/wrap-tests-with-act

    [0m [90m 41 |[39m       setError(err [36minstanceof[39m [33mError[39m [33m?[39m err[33m.[39mmessage [33m:[39m [32m'Unknown error'[39m)[33m;[39m
     [90m 42 |[39m     } [36mfinally[39m {
    [31m[1m>[22m[39m[90m 43 |[39m       setLoading([36mfalse[39m)[33m;[39m
     [90m    |[39m       [31m[1m^[22m[39m
     [90m 44 |[39m     }
     [90m 45 |[39m   }[33m;[39m
     [90m 46 |[39m[0m

      at node_modules/react-dom/cjs/react-dom-client.development.js:15751:19
      at runWithFiberInDEV (node_modules/react-dom/cjs/react-dom-client.development.js:543:16)
      at warnIfUpdatesNotWrappedWithActDEV (node_modules/react-dom/cjs/react-dom-client.development.js:15750:9)
      at scheduleUpdateOnFiber (node_modules/react-dom/cjs/react-dom-client.development.js:14311:11)
      at dispatchSetStateInternal (node_modules/react-dom/cjs/react-dom-client.development.js:7208:13)
      at dispatchSetState (node_modules/react-dom/cjs/react-dom-client.development.js:7161:7)
      at fetchStats (.worktrees/LOC-0063-AC5/src/app/analytics/page.tsx:43:7)

  console.error
    An update to AnalyticsPage inside a test was not wrapped in act(...).
    
    When testing, code that causes React state updates should be wrapped into act(...):
    
    act(() => {
      /* fire events that update state */
    });
    /* assert on the output */
    
    This ensures that you're testing the behavior the user would see in the browser. Learn more at https://react.dev/link/wrap-tests-with-act

    [0m [90m 62 |[39m
     [90m 63 |[39m   [36mconst[39m handlePeriodChange [33m=[39m (days[33m:[39m number) [33m=>[39m {
    [31m[1m>[22m[39m[90m 64 |[39m     setPeriodDays(days)[33m;[39m
     [90m    |[39m     [31m[1m^[22m[39m
     [90m 65 |[39m   }[33m;[39m
     [90m 66 |[39m
     [90m 67 |[39m   [36mconst[39m formatDateTime [33m=[39m (dateStr[33m:[39m string) [33m=>[39m {[0m

      at node_modules/react-dom/cjs/react-dom-client.development.js:15751:19
      at runWithFiberInDEV (node_modules/react-dom/cjs/react-dom-client.development.js:543:16)
      at warnIfUpdatesNotWrappedWithActDEV (node_modules/react-dom/cjs/react-dom-client.development.js:15750:9)
      at scheduleUpdateOnFiber (node_modules/react-dom/cjs/react-dom-client.development.js:14311:11)
      at dispatchSetStateInternal (node_modules/react-dom/cjs/react-dom-client.development.js:7208:13)
      at dispatchSetState (node_modules/react-dom/cjs/react-dom-client.development.js:7161:7)
      at handlePeriodChange (.worktrees/LOC-0064-AC4/src/app/analytics/page.tsx:64:5)
      at onClick (.worktrees/LOC-0064-AC4/src/app/analytics/page.tsx:99:30)
      at processDispatchQueue (node_modules/react-dom/cjs/react-dom-client.development.js:16122:17)
      at node_modules/react-dom/cjs/react-dom-client.development.js:16725:9
      at batchedUpdates$1 (node_modules/react-dom/cjs/react-dom-client.development.js:3129:40)
      at dispatchEventForPluginEventSystem (node_modules/react-dom/cjs/react-dom-client.development.js:16281:7)
      at dispatchEvent (node_modules/react-dom/cjs/react-dom-client.development.js:20353:11)
      at dispatchDiscreteEvent (node_modules/react-dom/cjs/react-dom-client.development.js:20321:11)
      at HTMLDivElement.callTheUserObjectsOperation (node_modules/jsdom/lib/jsdom/living/generated/EventListener.js:26:30)
      at innerInvokeEventListeners (node_modules/jsdom/lib/jsdom/living/events/EventTarget-impl.js:350:25)
      at invokeEventListeners (node_modules/jsdom/lib/jsdom/living/events/EventTarget-impl.js:286:3)
      at HTMLButtonElementImpl._dispatch (node_modules/jsdom/lib/jsdom/living/events/EventTarget-impl.js:233:9)
      at fireAnEvent (node_modules/jsdom/lib/jsdom/living/helpers/events.js:18:36)
      at HTMLButtonElementImpl.click (node_modules/jsdom/lib/jsdom/living/nodes/HTMLElement-impl.js:85:5)
      at HTMLButtonElement.click (node_modules/jsdom/lib/jsdom/living/generated/HTMLElement.js:108:34)
      at Object.<anonymous> (.worktrees/LOC-0064-AC4/src/app/analytics/page.spec.tsx:147:21)

  console.error
    Failed to fetch recent jobs: TypeError: Cannot read properties of undefined (reading 'ok')
        at fetchRecentJobs (C:\Users\Merlin\Documents\repos\Black_Owned\.worktrees\LOC-0064-AC4\src\app\analytics\page.tsx:50:21)
        at runNextTicks (node:internal/process/task_queues:65:5)
        at listOnTimeout (node:internal/timers:567:9)
        at processTimers (node:internal/timers:541:7)

    [0m [90m 52 |[39m       setRecentJobs(data)[33m;[39m
     [90m 53 |[39m     } [36mcatch[39m (err) {
    [31m[1m>[22m[39m[90m 54 |[39m       console[33m.[39merror([32m'Failed to fetch recent jobs:'[39m[33m,[39m err)[33m;[39m
     [90m    |[39m               [31m[1m^[22m[39m
     [90m 55 |[39m     }
     [90m 56 |[39m   }[33m;[39m
     [90m 57 |[39m[0m

      at fetchRecentJobs (.worktrees/LOC-0064-AC4/src/app/analytics/page.tsx:54:15)

  console.error
    An update to AnalyticsPage inside a test was not wrapped in act(...).
    
    When testing, code that causes React state updates should be wrapped into act(...):
    
    act(() => {
      /* fire events that update state */
    });
    /* assert on the output */
    
    This ensures that you're testing the behavior the user would see in the browser. Learn more at https://react.dev/link/wrap-tests-with-act

    [0m [90m 62 |[39m
     [90m 63 |[39m   [36mconst[39m handlePeriodChange [33m=[39m (days[33m:[39m number) [33m=>[39m {
    [31m[1m>[22m[39m[90m 64 |[39m     setPeriodDays(days)[33m;[39m
     [90m    |[39m     [31m[1m^[22m[39m
     [90m 65 |[39m   }[33m;[39m
     [90m 66 |[39m
     [90m 67 |[39m   [36mconst[39m formatDateTime [33m=[39m (dateStr[33m:[39m string) [33m=>[39m {[0m

      at node_modules/react-dom/cjs/react-dom-client.development.js:15751:19
      at runWithFiberInDEV (node_modules/react-dom/cjs/react-dom-client.development.js:543:16)
      at warnIfUpdatesNotWrappedWithActDEV (node_modules/react-dom/cjs/react-dom-client.development.js:15750:9)
      at scheduleUpdateOnFiber (node_modules/react-dom/cjs/react-dom-client.development.js:14311:11)
      at dispatchSetStateInternal (node_modules/react-dom/cjs/react-dom-client.development.js:7208:13)
      at dispatchSetState (node_modules/react-dom/cjs/react-dom-client.development.js:7161:7)
      at handlePeriodChange (.worktrees/LOC-0063-AC3/src/app/analytics/page.tsx:64:5)
      at onClick (.worktrees/LOC-0063-AC3/src/app/analytics/page.tsx:99:30)
      at processDispatchQueue (node_modules/react-dom/cjs/react-dom-client.development.js:16122:17)
      at node_modules/react-dom/cjs/react-dom-client.development.js:16725:9
      at batchedUpdates$1 (node_modules/react-dom/cjs/react-dom-client.development.js:3129:40)
      at dispatchEventForPluginEventSystem (node_modules/react-dom/cjs/react-dom-client.development.js:16281:7)
      at dispatchEvent (node_modules/react-dom/cjs/react-dom-client.development.js:20353:11)
      at dispatchDiscreteEvent (node_modules/react-dom/cjs/react-dom-client.development.js:20321:11)
      at HTMLDivElement.callTheUserObjectsOperation (node_modules/jsdom/lib/jsdom/living/generated/EventListener.js:26:30)
      at innerInvokeEventListeners (node_modules/jsdom/lib/jsdom/living/events/EventTarget-impl.js:350:25)
      at invokeEventListeners (node_modules/jsdom/lib/jsdom/living/events/EventTarget-impl.js:286:3)
      at HTMLButtonElementImpl._dispatch (node_modules/jsdom/lib/jsdom/living/events/EventTarget-impl.js:233:9)
      at fireAnEvent (node_modules/jsdom/lib/jsdom/living/helpers/events.js:18:36)
      at HTMLButtonElementImpl.click (node_modules/jsdom/lib/jsdom/living/nodes/HTMLElement-impl.js:85:5)
      at HTMLButtonElement.click (node_modules/jsdom/lib/jsdom/living/generated/HTMLElement.js:108:34)
      at Object.<anonymous> (.worktrees/LOC-0063-AC3/src/app/analytics/page.spec.tsx:147:21)

  console.error
    An update to AnalyticsPage inside a test was not wrapped in act(...).
    
    When testing, code that causes React state updates should be wrapped into act(...):
    
    act(() => {
      /* fire events that update state */
    });
    /* assert on the output */
    
    This ensures that you're testing the behavior the user would see in the browser. Learn more at https://react.dev/link/wrap-tests-with-act

    [0m [90m 65 |[39m
     [90m 66 |[39m   [36mconst[39m handlePeriodChange [33m=[39m (days[33m:[39m number) [33m=>[39m {
    [31m[1m>[22m[39m[90m 67 |[39m     setPeriodDays(days)[33m;[39m
     [90m    |[39m     [31m[1m^[22m[39m
     [90m 68 |[39m   }[33m;[39m
     [90m 69 |[39m
     [90m 70 |[39m   [36mconst[39m formatDateTime [33m=[39m (dateStr[33m:[39m string) [33m=>[39m {[0m

      at node_modules/react-dom/cjs/react-dom-client.development.js:15751:19
      at runWithFiberInDEV (node_modules/react-dom/cjs/react-dom-client.development.js:543:16)
      at warnIfUpdatesNotWrappedWithActDEV (node_modules/react-dom/cjs/react-dom-client.development.js:15750:9)
      at scheduleUpdateOnFiber (node_modules/react-dom/cjs/react-dom-client.development.js:14311:11)
      at dispatchSetStateInternal (node_modules/react-dom/cjs/react-dom-client.development.js:7208:13)
      at dispatchSetState (node_modules/react-dom/cjs/react-dom-client.development.js:7161:7)
      at handlePeriodChange (src/app/analytics/page.tsx:67:5)
      at onClick (src/app/analytics/page.tsx:102:30)
      at processDispatchQueue (node_modules/react-dom/cjs/react-dom-client.development.js:16122:17)
      at node_modules/react-dom/cjs/react-dom-client.development.js:16725:9
      at batchedUpdates$1 (node_modules/react-dom/cjs/react-dom-client.development.js:3129:40)
      at dispatchEventForPluginEventSystem (node_modules/react-dom/cjs/react-dom-client.development.js:16281:7)
      at dispatchEvent (node_modules/react-dom/cjs/react-dom-client.development.js:20353:11)
      at dispatchDiscreteEvent (node_modules/react-dom/cjs/react-dom-client.development.js:20321:11)
      at HTMLDivElement.callTheUserObjectsOperation (node_modules/jsdom/lib/jsdom/living/generated/EventListener.js:26:30)
      at innerInvokeEventListeners (node_modules/jsdom/lib/jsdom/living/events/EventTarget-impl.js:350:25)
      at invokeEventListeners (node_modules/jsdom/lib/jsdom/living/events/EventTarget-impl.js:286:3)
      at HTMLButtonElementImpl._dispatch (node_modules/jsdom/lib/jsdom/living/events/EventTarget-impl.js:233:9)
      at fireAnEvent (node_modules/jsdom/lib/jsdom/living/helpers/events.js:18:36)
      at HTMLButtonElementImpl.click (node_modules/jsdom/lib/jsdom/living/nodes/HTMLElement-impl.js:85:5)
      at HTMLButtonElement.click (node_modules/jsdom/lib/jsdom/living/generated/HTMLElement.js:108:34)
      at Object.<anonymous> (src/app/analytics/page.spec.tsx:164:21)

  console.error
    An update to AnalyticsPage inside a test was not wrapped in act(...).
    
    When testing, code that causes React state updates should be wrapped into act(...):
    
    act(() => {
      /* fire events that update state */
    });
    /* assert on the output */
    
    This ensures that you're testing the behavior the user would see in the browser. Learn more at https://react.dev/link/wrap-tests-with-act

    [0m [90m 62 |[39m
     [90m 63 |[39m   [36mconst[39m handlePeriodChange [33m=[39m (days[33m:[39m number) [33m=>[39m {
    [31m[1m>[22m[39m[90m 64 |[39m     setPeriodDays(days)[33m;[39m
     [90m    |[39m     [31m[1m^[22m[39m
     [90m 65 |[39m   }[33m;[39m
     [90m 66 |[39m
     [90m 67 |[39m   [36mconst[39m formatDateTime [33m=[39m (dateStr[33m:[39m string) [33m=>[39m {[0m

      at node_modules/react-dom/cjs/react-dom-client.development.js:15751:19
      at runWithFiberInDEV (node_modules/react-dom/cjs/react-dom-client.development.js:543:16)
      at warnIfUpdatesNotWrappedWithActDEV (node_modules/react-dom/cjs/react-dom-client.development.js:15750:9)
      at scheduleUpdateOnFiber (node_modules/react-dom/cjs/react-dom-client.development.js:14311:11)
      at dispatchSetStateInternal (node_modules/react-dom/cjs/react-dom-client.development.js:7208:13)
      at dispatchSetState (node_modules/react-dom/cjs/react-dom-client.development.js:7161:7)
      at handlePeriodChange (.worktrees/LOC-0069-AC2/src/app/analytics/page.tsx:64:5)
      at onClick (.worktrees/LOC-0069-AC2/src/app/analytics/page.tsx:99:30)
      at processDispatchQueue (node_modules/react-dom/cjs/react-dom-client.development.js:16122:17)
      at node_modules/react-dom/cjs/react-dom-client.development.js:16725:9
      at batchedUpdates$1 (node_modules/react-dom/cjs/react-dom-client.development.js:3129:40)
      at dispatchEventForPluginEventSystem (node_modules/react-dom/cjs/react-dom-client.development.js:16281:7)
      at dispatchEvent (node_modules/react-dom/cjs/react-dom-client.development.js:20353:11)
      at dispatchDiscreteEvent (node_modules/react-dom/cjs/react-dom-client.development.js:20321:11)
      at HTMLDivElement.callTheUserObjectsOperation (node_modules/jsdom/lib/jsdom/living/generated/EventListener.js:26:30)
      at innerInvokeEventListeners (node_modules/jsdom/lib/jsdom/living/events/EventTarget-impl.js:350:25)
      at invokeEventListeners (node_modules/jsdom/lib/jsdom/living/events/EventTarget-impl.js:286:3)
      at HTMLButtonElementImpl._dispatch (node_modules/jsdom/lib/jsdom/living/events/EventTarget-impl.js:233:9)
      at fireAnEvent (node_modules/jsdom/lib/jsdom/living/helpers/events.js:18:36)
      at HTMLButtonElementImpl.click (node_modules/jsdom/lib/jsdom/living/nodes/HTMLElement-impl.js:85:5)
      at HTMLButtonElement.click (node_modules/jsdom/lib/jsdom/living/generated/HTMLElement.js:108:34)
      at Object.<anonymous> (.worktrees/LOC-0069-AC2/src/app/analytics/page.spec.tsx:147:21)

  console.error
    An update to AnalyticsPage inside a test was not wrapped in act(...).
    
    When testing, code that causes React state updates should be wrapped into act(...):
    
    act(() => {
      /* fire events that update state */
    });
    /* assert on the output */
    
    This ensures that you're testing the behavior the user would see in the browser. Learn more at https://react.dev/link/wrap-tests-with-act

    [0m [90m 62 |[39m
     [90m 63 |[39m   [36mconst[39m handlePeriodChange [33m=[39m (days[33m:[39m number) [33m=>[39m {
    [31m[1m>[22m[39m[90m 64 |[39m     setPeriodDays(days)[33m;[39m
     [90m    |[39m     [31m[1m^[22m[39m
     [90m 65 |[39m   }[33m;[39m
     [90m 66 |[39m
     [90m 67 |[39m   [36mconst[39m formatDateTime [33m=[39m (dateStr[33m:[39m string) [33m=>[39m {[0m

      at node_modules/react-dom/cjs/react-dom-client.development.js:15751:19
      at runWithFiberInDEV (node_modules/react-dom/cjs/react-dom-client.development.js:543:16)
      at warnIfUpdatesNotWrappedWithActDEV (node_modules/react-dom/cjs/react-dom-client.development.js:15750:9)
      at scheduleUpdateOnFiber (node_modules/react-dom/cjs/react-dom-client.development.js:14311:11)
      at dispatchSetStateInternal (node_modules/react-dom/cjs/react-dom-client.development.js:7208:13)
      at dispatchSetState (node_modules/react-dom/cjs/react-dom-client.development.js:7161:7)
      at handlePeriodChange (.worktrees/LOC-0069-AC1/src/app/analytics/page.tsx:64:5)
      at onClick (.worktrees/LOC-0069-AC1/src/app/analytics/page.tsx:99:30)
      at processDispatchQueue (node_modules/react-dom/cjs/react-dom-client.development.js:16122:17)
      at node_modules/react-dom/cjs/react-dom-client.development.js:16725:9
      at batchedUpdates$1 (node_modules/react-dom/cjs/react-dom-client.development.js:3129:40)
      at dispatchEventForPluginEventSystem (node_modules/react-dom/cjs/react-dom-client.development.js:16281:7)
      at dispatchEvent (node_modules/react-dom/cjs/react-dom-client.development.js:20353:11)
      at dispatchDiscreteEvent (node_modules/react-dom/cjs/react-dom-client.development.js:20321:11)
      at HTMLDivElement.callTheUserObjectsOperation (node_modules/jsdom/lib/jsdom/living/generated/EventListener.js:26:30)
      at innerInvokeEventListeners (node_modules/jsdom/lib/jsdom/living/events/EventTarget-impl.js:350:25)
      at invokeEventListeners (node_modules/jsdom/lib/jsdom/living/events/EventTarget-impl.js:286:3)
      at HTMLButtonElementImpl._dispatch (node_modules/jsdom/lib/jsdom/living/events/EventTarget-impl.js:233:9)
      at fireAnEvent (node_modules/jsdom/lib/jsdom/living/helpers/events.js:18:36)
      at HTMLButtonElementImpl.click (node_modules/jsdom/lib/jsdom/living/nodes/HTMLElement-impl.js:85:5)
      at HTMLButtonElement.click (node_modules/jsdom/lib/jsdom/living/generated/HTMLElement.js:108:34)
      at Object.<anonymous> (.worktrees/LOC-0069-AC1/src/app/analytics/page.spec.tsx:147:21)

  console.error
    An update to AnalyticsPage inside a test was not wrapped in act(...).
    
    When testing, code that causes React state updates should be wrapped into act(...):
    
    act(() => {
      /* fire events that update state */
    });
    /* assert on the output */
    
    This ensures that you're testing the behavior the user would see in the browser. Learn more at https://react.dev/link/wrap-tests-with-act

    [0m [90m 62 |[39m
     [90m 63 |[39m   [36mconst[39m handlePeriodChange [33m=[39m (days[33m:[39m number) [33m=>[39m {
    [31m[1m>[22m[39m[90m 64 |[39m     setPeriodDays(days)[33m;[39m
     [90m    |[39m     [31m[1m^[22m[39m
     [90m 65 |[39m   }[33m;[39m
     [90m 66 |[39m
     [90m 67 |[39m   [36mconst[39m formatDateTime [33m=[39m (dateStr[33m:[39m string) [33m=>[39m {[0m

      at node_modules/react-dom/cjs/react-dom-client.development.js:15751:19
      at runWithFiberInDEV (node_modules/react-dom/cjs/react-dom-client.development.js:543:16)
      at warnIfUpdatesNotWrappedWithActDEV (node_modules/react-dom/cjs/react-dom-client.development.js:15750:9)
      at scheduleUpdateOnFiber (node_modules/react-dom/cjs/react-dom-client.development.js:14311:11)
      at dispatchSetStateInternal (node_modules/react-dom/cjs/react-dom-client.development.js:7208:13)
      at dispatchSetState (node_modules/react-dom/cjs/react-dom-client.development.js:7161:7)
      at handlePeriodChange (.worktrees/LOC-0067-AC5/src/app/analytics/page.tsx:64:5)
      at onClick (.worktrees/LOC-0067-AC5/src/app/analytics/page.tsx:99:30)
      at processDispatchQueue (node_modules/react-dom/cjs/react-dom-client.development.js:16122:17)
      at node_modules/react-dom/cjs/react-dom-client.development.js:16725:9
      at batchedUpdates$1 (node_modules/react-dom/cjs/react-dom-client.development.js:3129:40)
      at dispatchEventForPluginEventSystem (node_modules/react-dom/cjs/react-dom-client.development.js:16281:7)
      at dispatchEvent (node_modules/react-dom/cjs/react-dom-client.development.js:20353:11)
      at dispatchDiscreteEvent (node_modules/react-dom/cjs/react-dom-client.development.js:20321:11)
      at HTMLDivElement.callTheUserObjectsOperation (node_modules/jsdom/lib/jsdom/living/generated/EventListener.js:26:30)
      at innerInvokeEventListeners (node_modules/jsdom/lib/jsdom/living/events/EventTarget-impl.js:350:25)
      at invokeEventListeners (node_modules/jsdom/lib/jsdom/living/events/EventTarget-impl.js:286:3)
      at HTMLButtonElementImpl._dispatch (node_modules/jsdom/lib/jsdom/living/events/EventTarget-impl.js:233:9)
      at fireAnEvent (node_modules/jsdom/lib/jsdom/living/helpers/events.js:18:36)
      at HTMLButtonElementImpl.click (node_modules/jsdom/lib/jsdom/living/nodes/HTMLElement-impl.js:85:5)
      at HTMLButtonElement.click (node_modules/jsdom/lib/jsdom/living/generated/HTMLElement.js:108:34)
      at Object.<anonymous> (.worktrees/LOC-0067-AC5/src/app/analytics/page.spec.tsx:147:21)

  console.error
    An update to AnalyticsPage inside a test was not wrapped in act(...).
    
    When testing, code that causes React state updates should be wrapped into act(...):
    
    act(() => {
      /* fire events that update state */
    });
    /* assert on the output */
    
    This ensures that you're testing the behavior the user would see in the browser. Learn more at https://react.dev/link/wrap-tests-with-act

    [0m [90m 62 |[39m
     [90m 63 |[39m   [36mconst[39m handlePeriodChange [33m=[39m (days[33m:[39m number) [33m=>[39m {
    [31m[1m>[22m[39m[90m 64 |[39m     setPeriodDays(days)[33m;[39m
     [90m    |[39m     [31m[1m^[22m[39m
     [90m 65 |[39m   }[33m;[39m
     [90m 66 |[39m
     [90m 67 |[39m   [36mconst[39m formatDateTime [33m=[39m (dateStr[33m:[39m string) [33m=>[39m {[0m

      at node_modules/react-dom/cjs/react-dom-client.development.js:15751:19
      at runWithFiberInDEV (node_modules/react-dom/cjs/react-dom-client.development.js:543:16)
      at warnIfUpdatesNotWrappedWithActDEV (node_modules/react-dom/cjs/react-dom-client.development.js:15750:9)
      at scheduleUpdateOnFiber (node_modules/react-dom/cjs/react-dom-client.development.js:14311:11)
      at dispatchSetStateInternal (node_modules/react-dom/cjs/react-dom-client.development.js:7208:13)
      at dispatchSetState (node_modules/react-dom/cjs/react-dom-client.development.js:7161:7)
      at handlePeriodChange (.worktrees/LOC-0067-AC3/src/app/analytics/page.tsx:64:5)
      at onClick (.worktrees/LOC-0067-AC3/src/app/analytics/page.tsx:99:30)
      at processDispatchQueue (node_modules/react-dom/cjs/react-dom-client.development.js:16122:17)
      at node_modules/react-dom/cjs/react-dom-client.development.js:16725:9
      at batchedUpdates$1 (node_modules/react-dom/cjs/react-dom-client.development.js:3129:40)
      at dispatchEventForPluginEventSystem (node_modules/react-dom/cjs/react-dom-client.development.js:16281:7)
      at dispatchEvent (node_modules/react-dom/cjs/react-dom-client.development.js:20353:11)
      at dispatchDiscreteEvent (node_modules/react-dom/cjs/react-dom-client.development.js:20321:11)
      at HTMLDivElement.callTheUserObjectsOperation (node_modules/jsdom/lib/jsdom/living/generated/EventListener.js:26:30)
      at innerInvokeEventListeners (node_modules/jsdom/lib/jsdom/living/events/EventTarget-impl.js:350:25)
      at invokeEventListeners (node_modules/jsdom/lib/jsdom/living/events/EventTarget-impl.js:286:3)
      at HTMLButtonElementImpl._dispatch (node_modules/jsdom/lib/jsdom/living/events/EventTarget-impl.js:233:9)
      at fireAnEvent (node_modules/jsdom/lib/jsdom/living/helpers/events.js:18:36)
      at HTMLButtonElementImpl.click (node_modules/jsdom/lib/jsdom/living/nodes/HTMLElement-impl.js:85:5)
      at HTMLButtonElement.click (node_modules/jsdom/lib/jsdom/living/generated/HTMLElement.js:108:34)
      at Object.<anonymous> (.worktrees/LOC-0067-AC3/src/app/analytics/page.spec.tsx:147:21)

  console.error
    Failed to fetch recent jobs: TypeError: Cannot read properties of undefined (reading 'ok')
        at fetchRecentJobs (C:\Users\Merlin\Documents\repos\Black_Owned\.worktrees\LOC-0063-AC3\src\app\analytics\page.tsx:50:21)
        at runNextTicks (node:internal/process/task_queues:65:5)
        at listOnTimeout (node:internal/timers:567:9)
        at processTimers (node:internal/timers:541:7)

    [0m [90m 52 |[39m       setRecentJobs(data)[33m;[39m
     [90m 53 |[39m     } [36mcatch[39m (err) {
    [31m[1m>[22m[39m[90m 54 |[39m       console[33m.[39merror([32m'Failed to fetch recent jobs:'[39m[33m,[39m err)[33m;[39m
     [90m    |[39m               [31m[1m^[22m[39m
     [90m 55 |[39m     }
     [90m 56 |[39m   }[33m;[39m
     [90m 57 |[39m[0m

      at fetchRecentJobs (.worktrees/LOC-0063-AC3/src/app/analytics/page.tsx:54:15)

  console.error
    Failed to fetch recent jobs: TypeError: Cannot read properties of undefined (reading 'ok')
        at fetchRecentJobs (C:\Users\Merlin\Documents\repos\Black_Owned\.worktrees\LOC-0069-AC2\src\app\analytics\page.tsx:50:21)
        at runNextTicks (node:internal/process/task_queues:65:5)
        at listOnTimeout (node:internal/timers:567:9)
        at processTimers (node:internal/timers:541:7)

    [0m [90m 52 |[39m       setRecentJobs(data)[33m;[39m
     [90m 53 |[39m     } [36mcatch[39m (err) {
    [31m[1m>[22m[39m[90m 54 |[39m       console[33m.[39merror([32m'Failed to fetch recent jobs:'[39m[33m,[39m err)[33m;[39m
     [90m    |[39m               [31m[1m^[22m[39m
     [90m 55 |[39m     }
     [90m 56 |[39m   }[33m;[39m
     [90m 57 |[39m[0m

      at fetchRecentJobs (.worktrees/LOC-0069-AC2/src/app/analytics/page.tsx:54:15)

  console.error
    Failed to fetch recent jobs: TypeError: Cannot read properties of undefined (reading 'ok')
        at fetchRecentJobs (C:\Users\Merlin\Documents\repos\Black_Owned\.worktrees\LOC-0069-AC1\src\app\analytics\page.tsx:50:21)
        at runNextTicks (node:internal/process/task_queues:65:5)
        at listOnTimeout (node:internal/timers:567:9)
        at processTimers (node:internal/timers:541:7)

    [0m [90m 52 |[39m       setRecentJobs(data)[33m;[39m
     [90m 53 |[39m     } [36mcatch[39m (err) {
    [31m[1m>[22m[39m[90m 54 |[39m       console[33m.[39merror([32m'Failed to fetch recent jobs:'[39m[33m,[39m err)[33m;[39m
     [90m    |[39m               [31m[1m^[22m[39m
     [90m 55 |[39m     }
     [90m 56 |[39m   }[33m;[39m
     [90m 57 |[39m[0m

      at fetchRecentJobs (.worktrees/LOC-0069-AC1/src/app/analytics/page.tsx:54:15)

  console.error
    Failed to fetch recent jobs: TypeError: Cannot read properties of undefined (reading 'ok')
        at fetchRecentJobs (C:\Users\Merlin\Documents\repos\Black_Owned\.worktrees\LOC-0067-AC5\src\app\analytics\page.tsx:50:21)
        at runNextTicks (node:internal/process/task_queues:65:5)
        at listOnTimeout (node:internal/timers:567:9)
        at processTimers (node:internal/timers:541:7)

    [0m [90m 52 |[39m       setRecentJobs(data)[33m;[39m
     [90m 53 |[39m     } [36mcatch[39m (err) {
    [31m[1m>[22m[39m[90m 54 |[39m       console[33m.[39merror([32m'Failed to fetch recent jobs:'[39m[33m,[39m err)[33m;[39m
     [90m    |[39m               [31m[1m^[22m[39m
     [90m 55 |[39m     }
     [90m 56 |[39m   }[33m;[39m
     [90m 57 |[39m[0m

      at fetchRecentJobs (.worktrees/LOC-0067-AC5/src/app/analytics/page.tsx:54:15)

  console.error
    Failed to fetch recent jobs: TypeError: Cannot read properties of undefined (reading 'ok')
        at fetchRecentJobs (C:\Users\Merlin\Documents\repos\Black_Owned\src\app\analytics\page.tsx:53:21)
        at runNextTicks (node:internal/process/task_queues:65:5)
        at listOnTimeout (node:internal/timers:567:9)
        at processTimers (node:internal/timers:541:7)

    [0m [90m 55 |[39m       setRecentJobs(data)[33m;[39m
     [90m 56 |[39m     } [36mcatch[39m (err) {
    [31m[1m>[22m[39m[90m 57 |[39m       console[33m.[39merror([32m'Failed to fetch recent jobs:'[39m[33m,[39m err)[33m;[39m
     [90m    |[39m               [31m[1m^[22m[39m
     [90m 58 |[39m     }
     [90m 59 |[39m   }[33m;[39m
     [90m 60 |[39m[0m

      at fetchRecentJobs (src/app/analytics/page.tsx:57:15)

  console.error
    An update to AnalyticsPage inside a test was not wrapped in act(...).
    
    When testing, code that causes React state updates should be wrapped into act(...):
    
    act(() => {
      /* fire events that update state */
    });
    /* assert on the output */
    
    This ensures that you're testing the behavior the user would see in the browser. Learn more at https://react.dev/link/wrap-tests-with-act

    [0m [90m 62 |[39m
     [90m 63 |[39m   [36mconst[39m handlePeriodChange [33m=[39m (days[33m:[39m number) [33m=>[39m {
    [31m[1m>[22m[39m[90m 64 |[39m     setPeriodDays(days)[33m;[39m
     [90m    |[39m     [31m[1m^[22m[39m
     [90m 65 |[39m   }[33m;[39m
     [90m 66 |[39m
     [90m 67 |[39m   [36mconst[39m formatDateTime [33m=[39m (dateStr[33m:[39m string) [33m=>[39m {[0m

      at node_modules/react-dom/cjs/react-dom-client.development.js:15751:19
      at runWithFiberInDEV (node_modules/react-dom/cjs/react-dom-client.development.js:543:16)
      at warnIfUpdatesNotWrappedWithActDEV (node_modules/react-dom/cjs/react-dom-client.development.js:15750:9)
      at scheduleUpdateOnFiber (node_modules/react-dom/cjs/react-dom-client.development.js:14311:11)
      at dispatchSetStateInternal (node_modules/react-dom/cjs/react-dom-client.development.js:7208:13)
      at dispatchSetState (node_modules/react-dom/cjs/react-dom-client.development.js:7161:7)
      at handlePeriodChange (.worktrees/LOC-0063-AC2/src/app/analytics/page.tsx:64:5)
      at onClick (.worktrees/LOC-0063-AC2/src/app/analytics/page.tsx:99:30)
      at processDispatchQueue (node_modules/react-dom/cjs/react-dom-client.development.js:16122:17)
      at node_modules/react-dom/cjs/react-dom-client.development.js:16725:9
      at batchedUpdates$1 (node_modules/react-dom/cjs/react-dom-client.development.js:3129:40)
      at dispatchEventForPluginEventSystem (node_modules/react-dom/cjs/react-dom-client.development.js:16281:7)
      at dispatchEvent (node_modules/react-dom/cjs/react-dom-client.development.js:20353:11)
      at dispatchDiscreteEvent (node_modules/react-dom/cjs/react-dom-client.development.js:20321:11)
      at HTMLDivElement.callTheUserObjectsOperation (node_modules/jsdom/lib/jsdom/living/generated/EventListener.js:26:30)
      at innerInvokeEventListeners (node_modules/jsdom/lib/jsdom/living/events/EventTarget-impl.js:350:25)
      at invokeEventListeners (node_modules/jsdom/lib/jsdom/living/events/EventTarget-impl.js:286:3)
      at HTMLButtonElementImpl._dispatch (node_modules/jsdom/lib/jsdom/living/events/EventTarget-impl.js:233:9)
      at fireAnEvent (node_modules/jsdom/lib/jsdom/living/helpers/events.js:18:36)
      at HTMLButtonElementImpl.click (node_modules/jsdom/lib/jsdom/living/nodes/HTMLElement-impl.js:85:5)
      at HTMLButtonElement.click (node_modules/jsdom/lib/jsdom/living/generated/HTMLElement.js:108:34)
      at Object.<anonymous> (.worktrees/LOC-0063-AC2/src/app/analytics/page.spec.tsx:147:21)

  console.error
    Failed to fetch recent jobs: TypeError: Cannot read properties of undefined (reading 'ok')
        at fetchRecentJobs (C:\Users\Merlin\Documents\repos\Black_Owned\.worktrees\LOC-0067-AC3\src\app\analytics\page.tsx:50:21)
        at runNextTicks (node:internal/process/task_queues:65:5)
        at listOnTimeout (node:internal/timers:567:9)
        at processTimers (node:internal/timers:541:7)

    [0m [90m 52 |[39m       setRecentJobs(data)[33m;[39m
     [90m 53 |[39m     } [36mcatch[39m (err) {
    [31m[1m>[22m[39m[90m 54 |[39m       console[33m.[39merror([32m'Failed to fetch recent jobs:'[39m[33m,[39m err)[33m;[39m
     [90m    |[39m               [31m[1m^[22m[39m
     [90m 55 |[39m     }
     [90m 56 |[39m   }[33m;[39m
     [90m 57 |[39m[0m

      at fetchRecentJobs (.worktrees/LOC-0067-AC3/src/app/analytics/page.tsx:54:15)

  console.error
    Failed to fetch recent jobs: TypeError: Cannot read properties of undefined (reading 'ok')
        at fetchRecentJobs (C:\Users\Merlin\Documents\repos\Black_Owned\.worktrees\LOC-0063-AC2\src\app\analytics\page.tsx:50:21)
        at runNextTicks (node:internal/process/task_queues:65:5)
        at listOnTimeout (node:internal/timers:567:9)
        at processTimers (node:internal/timers:541:7)

    [0m [90m 52 |[39m       setRecentJobs(data)[33m;[39m
     [90m 53 |[39m     } [36mcatch[39m (err) {
    [31m[1m>[22m[39m[90m 54 |[39m       console[33m.[39merror([32m'Failed to fetch recent jobs:'[39m[33m,[39m err)[33m;[39m
     [90m    |[39m               [31m[1m^[22m[39m
     [90m 55 |[39m     }
     [90m 56 |[39m   }[33m;[39m
     [90m 57 |[39m[0m

      at fetchRecentJobs (.worktrees/LOC-0063-AC2/src/app/analytics/page.tsx:54:15)

  console.error
    An update to AnalyticsPage inside a test was not wrapped in act(...).
    
    When testing, code that causes React state updates should be wrapped into act(...):
    
    act(() => {
      /* fire events that update state */
    });
    /* assert on the output */
    
    This ensures that you're testing the behavior the user would see in the browser. Learn more at https://react.dev/link/wrap-tests-with-act

    [0m [90m 62 |[39m
     [90m 63 |[39m   [36mconst[39m handlePeriodChange [33m=[39m (days[33m:[39m number) [33m=>[39m {
    [31m[1m>[22m[39m[90m 64 |[39m     setPeriodDays(days)[33m;[39m
     [90m    |[39m     [31m[1m^[22m[39m
     [90m 65 |[39m   }[33m;[39m
     [90m 66 |[39m
     [90m 67 |[39m   [36mconst[39m formatDateTime [33m=[39m (dateStr[33m:[39m string) [33m=>[39m {[0m

      at node_modules/react-dom/cjs/react-dom-client.development.js:15751:19
      at runWithFiberInDEV (node_modules/react-dom/cjs/react-dom-client.development.js:543:16)
      at warnIfUpdatesNotWrappedWithActDEV (node_modules/react-dom/cjs/react-dom-client.development.js:15750:9)
      at scheduleUpdateOnFiber (node_modules/react-dom/cjs/react-dom-client.development.js:14311:11)
      at dispatchSetStateInternal (node_modules/react-dom/cjs/react-dom-client.development.js:7208:13)
      at dispatchSetState (node_modules/react-dom/cjs/react-dom-client.development.js:7161:7)
      at handlePeriodChange (.worktrees/LOC-0063-AC5/src/app/analytics/page.tsx:64:5)
      at onClick (.worktrees/LOC-0063-AC5/src/app/analytics/page.tsx:99:30)
      at processDispatchQueue (node_modules/react-dom/cjs/react-dom-client.development.js:16122:17)
      at node_modules/react-dom/cjs/react-dom-client.development.js:16725:9
      at batchedUpdates$1 (node_modules/react-dom/cjs/react-dom-client.development.js:3129:40)
      at dispatchEventForPluginEventSystem (node_modules/react-dom/cjs/react-dom-client.development.js:16281:7)
      at dispatchEvent (node_modules/react-dom/cjs/react-dom-client.development.js:20353:11)
      at dispatchDiscreteEvent (node_modules/react-dom/cjs/react-dom-client.development.js:20321:11)
      at HTMLDivElement.callTheUserObjectsOperation (node_modules/jsdom/lib/jsdom/living/generated/EventListener.js:26:30)
      at innerInvokeEventListeners (node_modules/jsdom/lib/jsdom/living/events/EventTarget-impl.js:350:25)
      at invokeEventListeners (node_modules/jsdom/lib/jsdom/living/events/EventTarget-impl.js:286:3)
      at HTMLButtonElementImpl._dispatch (node_modules/jsdom/lib/jsdom/living/events/EventTarget-impl.js:233:9)
      at fireAnEvent (node_modules/jsdom/lib/jsdom/living/helpers/events.js:18:36)
      at HTMLButtonElementImpl.click (node_modules/jsdom/lib/jsdom/living/nodes/HTMLElement-impl.js:85:5)
      at HTMLButtonElement.click (node_modules/jsdom/lib/jsdom/living/generated/HTMLElement.js:108:34)
      at Object.<anonymous> (.worktrees/LOC-0063-AC5/src/app/analytics/page.spec.tsx:147:21)

  console.error
    Failed to fetch recent jobs: TypeError: Cannot read properties of undefined (reading 'ok')
        at fetchRecentJobs (C:\Users\Merlin\Documents\repos\Black_Owned\.worktrees\LOC-0063-AC5\src\app\analytics\page.tsx:50:21)
        at runNextTicks (node:internal/process/task_queues:65:5)
        at listOnTimeout (node:internal/timers:567:9)
        at processTimers (node:internal/timers:541:7)

    [0m [90m 52 |[39m       setRecentJobs(data)[33m;[39m
     [90m 53 |[39m     } [36mcatch[39m (err) {
    [31m[1m>[22m[39m[90m 54 |[39m       console[33m.[39merror([32m'Failed to fetch recent jobs:'[39m[33m,[39m err)[33m;[39m
     [90m    |[39m               [31m[1m^[22m[39m
     [90m 55 |[39m     }
     [90m 56 |[39m   }[33m;[39m
     [90m 57 |[39m[0m

      at fetchRecentJobs (.worktrees/LOC-0063-AC5/src/app/analytics/page.tsx:54:15)

